 newton

 Timestamp is 5fbcd85b (Tue Nov 24 06:54:35 2020)

 Preferred load address is 0000000180000000

 Start         Length     Name                   Class
 0001:00000000 000000b0H .text$di                CODE
 0001:000000b0 000b3710H .text$mn                CODE
 0001:000b37c0 00000036H .text$mn$00             CODE
 0001:000b37f6 0000009aH .text$x                 CODE
 0001:000b3890 0000002eH .text$yd                CODE
 0002:00000000 000001f8H .idata$5                DATA
 0002:000001f8 00000028H .00cfg                  DATA
 0002:00000220 00000008H .CRT$XCA                DATA
 0002:00000228 00000020H .CRT$XCU                DATA
 0002:00000248 00000008H .CRT$XCZ                DATA
 0002:00000250 00000008H .CRT$XIA                DATA
 0002:00000258 00000008H .CRT$XIZ                DATA
 0002:00000260 00000008H .CRT$XPA                DATA
 0002:00000268 00000008H .CRT$XPZ                DATA
 0002:00000270 00000008H .CRT$XTA                DATA
 0002:00000278 00000008H .CRT$XTZ                DATA
 0002:00000280 00000000H .gfids$y                DATA
 0002:00000280 00002ef0H .rdata                  DATA
 0002:00003170 00000300H .rdata$zzzdbg           DATA
 0002:00003470 00000008H .rtc$IAA                DATA
 0002:00003478 00000008H .rtc$IZZ                DATA
 0002:00003480 00000008H .rtc$TAA                DATA
 0002:00003488 00000008H .rtc$TZZ                DATA
 0002:00003490 00009550H .xdata                  DATA
 0002:0000c9e0 000033fcH .edata                  DATA
 0002:0000fddc 00000078H .idata$2                DATA
 0002:0000fe54 00000014H .idata$3                DATA
 0002:0000fe68 000001f8H .idata$4                DATA
 0002:00010060 0000048aH .idata$6                DATA
 0003:00000000 00000580H .data                   DATA
 0003:00000580 000043d0H .bss                    DATA
 0004:00000000 000055ecH .pdata                  DATA
 0005:00000000 00002208H _RDATA                  DATA
 0006:00000000 00000060H .rsrc$01                DATA
 0006:00000060 00000180H .rsrc$02                DATA

  Address         Publics by Value              Rva+Base               Lib:Object

 0000:00000000       __arm64x_redirection_metadata 0000000000000000     <absolute>
 0000:00000000       __guard_longjmp_count      0000000000000000     <absolute>
 0000:00000000       __guard_iat_table          0000000000000000     <absolute>
 0000:00000000       __volatile_metadata        0000000000000000     <absolute>
 0000:00000000       __arm64x_native_entrypoint 0000000000000000     <absolute>
 0000:00000000       __guard_eh_cont_count      0000000000000000     <absolute>
 0000:00000000       __guard_eh_cont_table      0000000000000000     <absolute>
 0000:00000000       __guard_longjmp_table      0000000000000000     <absolute>
 0000:00000000       ___safe_se_handler_count   0000000000000000     <absolute>
 0000:00000000       __guard_iat_count          0000000000000000     <absolute>
 0000:00000000       __enclave_config           0000000000000000     <absolute>
 0000:00000000       __hybrid_code_map          0000000000000000     <absolute>
 0000:00000000       __guard_fids_count         0000000000000000     <absolute>
 0000:00000000       __AbsoluteZero             0000000000000000     <absolute>
 0000:00000000       __hybrid_code_map_count    0000000000000000     <absolute>
 0000:00000000       __x64_code_ranges_to_entry_points 0000000000000000     <absolute>
 0000:00000000       ___safe_se_handler_table   0000000000000000     <absolute>
 0000:00000000       __dynamic_value_reloc_table 0000000000000000     <absolute>
 0000:00000000       __guard_fids_table         0000000000000000     <absolute>
 0000:00000000       __hybrid_auxiliary_iat     0000000000000000     <absolute>
 0000:00000100       __guard_flags              0000000000000100     <absolute>
 0000:00000000       __ImageBase                0000000180000000     <linker-defined>
 0001:000000b0       _get_startup_argv_mode     00000001800010b0 f   MSVCRT:argv_mode.obj
 0001:000000b0       DllMain                    00000001800010b0 f   Newton.obj
 0001:000000c0       NewtonGetMemoryUsed        00000001800010c0 f   Newton.obj
 0001:00000100       NewtonSetMemorySystem      0000000180001100 f   Newton.obj
 0001:00000140       NewtonCreate               0000000180001140 f   Newton.obj
 0001:00000430       NewtonDestroy              0000000180001430 f   Newton.obj
 0001:00000480       NewtonInvalidateCache      0000000180001480 f   Newton.obj
 0001:00000490       NewtonSetPlatformArchitecture 0000000180001490 f   Newton.obj
 0001:000004f0       NewtonGetPlatformArchitecture 00000001800014f0 f   Newton.obj
 0001:00000540       ?dgGetUserLock@dgWorld@@QEBAXXZ 0000000180001540 f   Newton.obj
 0001:00000540       NewtonWorldCriticalSectionLock 0000000180001540 f   Newton.obj
 0001:00000580       NewtonWorldCriticalSectionUnlock 0000000180001580 f   Newton.obj
 0001:000005a0       NewtonSetThreadsCount      00000001800015a0 f   Newton.obj
 0001:000005b0       NewtonGetThreadsCount      00000001800015b0 f   Newton.obj
 0001:000005c0       NewtonGetMaxThreadsCount   00000001800015c0 f   Newton.obj
 0001:000005d0       NewtonSetMultiThreadSolverOnSingleIsland 00000001800015d0 f   Newton.obj
 0001:000005e0       NewtonGetMultiThreadSolverOnSingleIsland 00000001800015e0 f   Newton.obj
 0001:000005f0       NewtonSetSolverModel       00000001800015f0 f   Newton.obj
 0001:00000600       NewtonSetFrictionModel     0000000180001600 f   Newton.obj
 0001:00000610       NewtonSetPerformanceClock  0000000180001610 f   Newton.obj
 0001:00000640       NewtonReadPerformanceTicks 0000000180001640 f   Newton.obj
 0001:00000660       NewtonReadThreadPerformanceTicks 0000000180001660 f   Newton.obj
 0001:00000680       NewtonUpdate               0000000180001680 f   Newton.obj
 0001:00000740       NewtonCollisionUpdate      0000000180001740 f   Newton.obj
 0001:00000750       NewtonSetMinimumFrameRate  0000000180001750 f   Newton.obj
 0001:00000790       NewtonDestroyAllBodies     0000000180001790 f   Newton.obj
 0001:000007e0       NewtonSetWorldSize         00000001800017e0 f   Newton.obj
 0001:00000850       NewtonSetIslandUpdateEvent 0000000180001850 f   Newton.obj
 0001:00000860       NewtonSetCollisionDestructor 0000000180001860 f   Newton.obj
 0001:00000870       NewtonSetDestroyBodyByExeciveForce 0000000180001870 f   Newton.obj
 0001:00000880       NewtonSetBodyLeaveWorldEvent 0000000180001880 f   Newton.obj
 0001:00000890       NewtonWorldGetFirstBody    0000000180001890 f   Newton.obj
 0001:000008b0       NewtonWorldGetNextBody     00000001800018b0 f   Newton.obj
 0001:000008d0       NewtonWorldForEachJointDo  00000001800018d0 f   Newton.obj
 0001:00000b00       NewtonWorldForEachBodyInAABBDo 0000000180001b00 f   Newton.obj
 0001:00000b80       NewtonWorldGetVersion      0000000180001b80 f   Newton.obj
 0001:00000b90       NewtonWorldFloatSize       0000000180001b90 f   Newton.obj
 0001:00000ba0       NewtonWorldSetUserData     0000000180001ba0 f   Newton.obj
 0001:00000bb0       NewtonWorldGetUserData     0000000180001bb0 f   Newton.obj
 0001:00000bc0       NewtonWorldSetDestructorCallBack 0000000180001bc0 f   Newton.obj
 0001:00000bd0       NewtonWorldGetDestructorCallBack 0000000180001bd0 f   Newton.obj
 0001:00000be0       NewtonWorldGetBodyCount    0000000180001be0 f   Newton.obj
 0001:00000bf0       NewtonWorldGetConstraintCount 0000000180001bf0 f   Newton.obj
 0001:00000c00       NewtonWorldRayCast         0000000180001c00 f   Newton.obj
 0001:00000c90       NewtonWorldConvexCast      0000000180001c90 f   Newton.obj
 0001:00000d30       NewtonIslandGetBody        0000000180001d30 f   Newton.obj
 0001:00000d50       NewtonIslandGetBodyAABB    0000000180001d50 f   Newton.obj
 0001:00000db0       NewtonMaterialGetDefaultGroupID 0000000180001db0 f   Newton.obj
 0001:00000dc0       NewtonMaterialCreateGroupID 0000000180001dc0 f   Newton.obj
 0001:00000dd0       NewtonMaterialDestroyAllGroupID 0000000180001dd0 f   Newton.obj
 0001:00000de0       NewtonMaterialSetDefaultCollidable 0000000180001de0 f   Newton.obj
 0001:00000e50       NewtonMaterialSetContinuousCollisionMode 0000000180001e50 f   Newton.obj
 0001:00000ec0       NewtonMaterialSetSurfaceThickness 0000000180001ec0 f   Newton.obj
 0001:00000f30       NewtonMaterialSetDefaultFriction 0000000180001f30 f   Newton.obj
 0001:00001000       NewtonMaterialSetDefaultElasticity 0000000180002000 f   Newton.obj
 0001:00001070       NewtonMaterialSetDefaultSoftness 0000000180002070 f   Newton.obj
 0001:000010e0       NewtonMaterialSetCollisionCallback 00000001800020e0 f   Newton.obj
 0001:00001170       NewtonMaterialGetUserData  0000000180002170 f   Newton.obj
 0001:000011d0       NewtonWorldGetFirstMaterial 00000001800021d0 f   Newton.obj
 0001:00001200       NewtonWorldGetNextMaterial 0000000180002200 f   Newton.obj
 0001:00001280       NewtonMaterialGetMaterialPairUserData 0000000180002280 f   Newton.obj
 0001:00001290       NewtonMaterialGetContactFaceAttribute 0000000180002290 f   Newton.obj
 0001:00001290       NewtonMeshGetVertexCount   0000000180002290 f   Newton.obj
 0001:000012a0       NewtonMaterialGetContactNormalSpeed 00000001800022a0 f   Newton.obj
 0001:00001440       NewtonMaterialGetContactTangentSpeed 0000000180002440 f   Newton.obj
 0001:00001600       NewtonMaterialGetContactPositionAndNormal 0000000180002600 f   Newton.obj
 0001:00001660       NewtonMaterialGetContactForce 0000000180002660 f   Newton.obj
 0001:00001720       NewtonMaterialGetContactTangentDirections 0000000180002720 f   Newton.obj
 0001:000017c0       NewtonMaterialGetBodyCollidingShape 00000001800027c0 f   Newton.obj
 0001:000017d0       NewtonMaterialSetContactSoftness 00000001800027d0 f   Newton.obj
 0001:000017f0       NewtonMaterialSetContactElasticity 00000001800027f0 f   Newton.obj
 0001:00001820       NewtonMaterialSetContactFrictionState 0000000180002820 f   Newton.obj
 0001:00001860       NewtonMaterialSetContactFrictionCoef 0000000180002860 f   Newton.obj
 0001:000018e0       NewtonMaterialSetContactNormalAcceleration 00000001800028e0 f   Newton.obj
 0001:000018f0       NewtonMaterialSetContactTangentAcceleration 00000001800028f0 f   Newton.obj
 0001:00001920       NewtonMaterialSetContactNormalDirection 0000000180002920 f   Newton.obj
 0001:00001b40       NewtonMaterialContactRotateTangentDirections 0000000180002b40 f   Newton.obj
 0001:00001cc0       NewtonCreateNull           0000000180002cc0 f   Newton.obj
 0001:00001d80       NewtonCreateBox            0000000180002d80 f   Newton.obj
 0001:00001e10       NewtonCreateSphere         0000000180002e10 f   Newton.obj
 0001:00001ef0       NewtonCreateCone           0000000180002ef0 f   Newton.obj
 0001:00001f70       NewtonCreateCapsule        0000000180002f70 f   Newton.obj
 0001:00001ff0       NewtonCreateCylinder       0000000180002ff0 f   Newton.obj
 0001:00002070       NewtonCreateChamferCylinder 0000000180003070 f   Newton.obj
 0001:000020f0       NewtonCreateConvexHull     00000001800030f0 f   Newton.obj
 0001:000021b0       NewtonCreateConvexHullFromMesh 00000001800031b0 f   Newton.obj
 0001:000021d0       NewtonCreateConvexHullModifier 00000001800031d0 f   Newton.obj
 0001:000021f0       NewtonConvexHullModifierGetMatrix 00000001800031f0 f   Newton.obj
 0001:00002230       NewtonConvexHullModifierSetMatrix 0000000180003230 f   Newton.obj
 0001:00002240       NewtonCreateCompoundCollision 0000000180003240 f   Newton.obj
 0001:00002260       NewtonCreateCompoundCollisionFromMesh 0000000180003260 f   Newton.obj
 0001:000024e0       NewtonCreateCompoundBreakable 00000001800034e0 f   Newton.obj
 0001:00002530       NewtonCompoundBreakableResetAnchoredPieces 0000000180003530 f   Newton.obj
 0001:00002540       NewtonCompoundBreakableSetAnchoredPieces 0000000180003540 f   Newton.obj
 0001:00002550       NewtonBreakableGetMainMesh 0000000180003550 f   Newton.obj
 0001:00002570       NewtonBreakableBeginDelete 0000000180003570 f   Newton.obj
 0001:00002590       ?CalculateSignature@dgCollisionMesh@@EEBAHXZ 0000000180003590 f   physics:dgCollisionMesh.obj
 0001:00002590       _is_c_termination_complete 0000000180003590 f   MSVCRT:ucrt_stubs.obj
 0001:00002590       ?CalculateSignature@dgCollisionConvexModifier@@EEBAHXZ 0000000180003590 f   physics:dgCollisionConvexModifier.obj
 0001:00002590       NewtonMeshTetrahedralization 0000000180003590 f   Newton.obj
 0001:00002590       ?CalculateSignature@dgCollisionConvexIntance@dgCollisionCompoundBreakable@@EEBAHXZ 0000000180003590 f   physics:dgCollisionCompoundBreakable.obj
 0001:00002590       __scrt_stub_for_is_c_termination_complete 0000000180003590 f   MSVCRT:ucrt_stubs.obj
 0001:00002590       ?CalculateSignature@dgCollisionCompound@@MEBAHXZ 0000000180003590 f   physics:dgCollisionCompound.obj
 0001:00002590       ?GetUserData@dgCollisionMesh@@UEBAPEAXXZ 0000000180003590 f   physics:dgCollisionMesh.obj
 0001:00002590       ?CalculateSignature@dgCollisionScene@@EEBAHXZ 0000000180003590 f   physics:dgCollisionScene.obj
 0001:00002590       ?GetPerformanceCount@dgWorld@@CAIXZ 0000000180003590 f   physics:dgWorld.obj
 0001:00002590       ?GetUserData@dgCollision@@UEBAPEAXXZ 0000000180003590 f   physics:dgCollision.obj
 0001:00002590       NewtonBreakableCreateDebrieBody 0000000180003590 f   Newton.obj
 0001:00002590       NewtonMeshGetFirstVertex   0000000180003590 f   Newton.obj
 0001:000025a0       NewtonBreakableDeleteComponent 00000001800035a0 f   Newton.obj
 0001:000025b0       NewtonBreakableEndDelete   00000001800035b0 f   Newton.obj
 0001:000025c0       NewtonBreakableGetFirstComponent 00000001800035c0 f   Newton.obj
 0001:000025f0       NewtonBreakableGetNextComponent 00000001800035f0 f   Newton.obj
 0001:00002600       NewtonCompoundBreakableGetVertexCount 0000000180003600 f   Newton.obj
 0001:00002620       NewtonCompoundBreakableGetVertexStreams 0000000180003620 f   Newton.obj
 0001:00002640       NewtonBreakableGetFirstSegment 0000000180003640 f   Newton.obj
 0001:00002650       NewtonBreakableGetNextSegment 0000000180003650 f   Newton.obj
 0001:00002660       NewtonBreakableGetComponentsInRadius 0000000180003660 f   Newton.obj
 0001:00002950       NewtonBreakableSegmentGetMaterial 0000000180003950 f   Newton.obj
 0001:00002960       NewtonBreakableSegmentGetIndexCount 0000000180003960 f   Newton.obj
 0001:00002970       NewtonBreakableSegmentGetIndexStream 0000000180003970 f   Newton.obj
 0001:00002a50       NewtonBreakableSegmentGetIndexStreamShort 0000000180003a50 f   Newton.obj
 0001:00002b30       NewtonCollisionIsTriggerVolume 0000000180003b30 f   Newton.obj
 0001:00002b50       NewtonCollisionSetAsTriggerVolume 0000000180003b50 f   Newton.obj
 0001:00002b60       NewtonCollisionSetMaxBreakImpactImpulse 0000000180003b60 f   Newton.obj
 0001:00002b70       NewtonCollisionGetMaxBreakImpactImpulse 0000000180003b70 f   Newton.obj
 0001:00002b80       NewtonCollisionSetUserID   0000000180003b80 f   Newton.obj
 0001:00002b90       NewtonCollisionGetUserID   0000000180003b90 f   Newton.obj
 0001:00002ba0       NewtonConvexHullGetFaceIndices 0000000180003ba0 f   Newton.obj
 0001:00002bf0       NewtonConvexCollisionCalculateVolume 0000000180003bf0 f   Newton.obj
 0001:00002c00       NewtonConvexCollisionCalculateInertialMatrix 0000000180003c00 f   Newton.obj
 0001:00002c70       NewtonCreateUserMeshCollision 0000000180003c70 f   Newton.obj
 0001:00002d30       NewtonCreateTreeCollision  0000000180003d30 f   Newton.obj
 0001:00002d80       NewtonCreateTreeCollisionFromMesh 0000000180003d80 f   Newton.obj
 0001:00002d90       NewtonStaticCollisionSetDebugCallback 0000000180003d90 f   Newton.obj
 0001:00002db0       NewtonTreeCollisionSetUserRayCastCallback 0000000180003db0 f   Newton.obj
 0001:00002dd0       NewtonHeightFieldSetUserRayCastCallback 0000000180003dd0 f   Newton.obj
 0001:00002df0       NewtonTreeCollisionBeginBuild 0000000180003df0 f   Newton.obj
 0001:00002e00       NewtonTreeCollisionAddFace 0000000180003e00 f   Newton.obj
 0001:00002e10       NewtonTreeCollisionEndBuild 0000000180003e10 f   Newton.obj
 0001:00002e20       NewtonTreeCollisionGetFaceAtribute 0000000180003e20 f   Newton.obj
 0001:00002e30       NewtonTreeCollisionSetFaceAtribute 0000000180003e30 f   Newton.obj
 0001:00002e40       NewtonTreeCollisionGetVertexListIndexListInAABB 0000000180003e40 f   Newton.obj
 0001:00002f20       NewtonCreateHeightFieldCollision 0000000180003f20 f   Newton.obj
 0001:00002f70       NewtonCreateSceneCollision 0000000180003f70 f   Newton.obj
 0001:00002fc0       NewtonSceneCollisionCreateProxy 0000000180003fc0 f   Newton.obj
 0001:00003020       NewtonSceneCollisionDestroyProxy 0000000180004020 f   Newton.obj
 0001:00003030       NewtonSceneProxySetMatrix  0000000180004030 f   Newton.obj
 0001:00003050       NewtonSceneProxyGetMatrix  0000000180004050 f   Newton.obj
 0001:00003260       NewtonSceneSetProxyUserData 0000000180004260 f   Newton.obj
 0001:00003270       NewtonSceneGetProxyUserData 0000000180004270 f   Newton.obj
 0001:00003280       NewtonSceneGetFirstProxy   0000000180004280 f   Newton.obj
 0001:00003290       NewtonSceneGetNextProxy    0000000180004290 f   Newton.obj
 0001:000032a0       NewtonSceneCollisionOptimize 00000001800042a0 f   Newton.obj
 0001:000032b0       NewtonCollisionPointDistance 00000001800042b0 f   Newton.obj
 0001:000032c0       NewtonCollisionClosestPoint 00000001800042c0 f   Newton.obj
 0001:000032d0       NewtonCollisionCollide     00000001800042d0 f   Newton.obj
 0001:00003340       NewtonCollisionCollideContinue 0000000180004340 f   Newton.obj
 0001:000033f0       NewtonCollisionSupportVertex 00000001800043f0 f   Newton.obj
 0001:000035a0       NewtonCollisionRayCast     00000001800045a0 f   Newton.obj
 0001:000037e0       NewtonCollisionCalculateAABB 00000001800047e0 f   Newton.obj
 0001:00003880       NewtonCollisionForEachPolygonDo 0000000180004880 f   Newton.obj
 0001:000038c0       NewtonCollisionMakeUnique  00000001800048c0 f   Newton.obj
 0001:00003950       NewtonAddCollisionReference 0000000180004950 f   Newton.obj
 0001:00003960       NewtonReleaseCollision     0000000180004960 f   Newton.obj
 0001:00003970       NewtonCollisionSerialize   0000000180004970 f   Newton.obj
 0001:00003980       NewtonCreateCollisionFromSerialization 0000000180004980 f   Newton.obj
 0001:00003990       NewtonCollisionGetInfo     0000000180004990 f   Newton.obj
 0001:000039a0       NewtonGetEulerAngle        00000001800049a0 f   Newton.obj
 0001:000039e0       NewtonSetEulerAngle        00000001800049e0 f   Newton.obj
 0001:00003c60       NewtonCalculateSpringDamperAcceleration 0000000180004c60 f   Newton.obj
 0001:00003cc0       NewtonCreateBody           0000000180004cc0 f   Newton.obj
 0001:00003d20       NewtonDestroyBody          0000000180004d20 f   Newton.obj
 0001:00003d60       NewtonBodySetUserData      0000000180004d60 f   Newton.obj
 0001:00003d70       NewtonBodyGetUserData      0000000180004d70 f   Newton.obj
 0001:00003d80       NewtonBodyGetWorld         0000000180004d80 f   Newton.obj
 0001:00003d90       NewtonBodySetTransformCallback 0000000180004d90 f   Newton.obj
 0001:00003da0       NewtonBodyGetTransformCallback 0000000180004da0 f   Newton.obj
 0001:00003db0       NewtonBodySetForceAndTorqueCallback 0000000180004db0 f   Newton.obj
 0001:00003dc0       NewtonBodyGetForceAndTorqueCallback 0000000180004dc0 f   Newton.obj
 0001:00003dd0       NewtonBodySetDestructorCallback 0000000180004dd0 f   Newton.obj
 0001:00003de0       NewtonBodySetMassMatrix    0000000180004de0 f   Newton.obj
 0001:00003ee0       NewtonBodyGetMassMatrix    0000000180004ee0 f   Newton.obj
 0001:00003f30       NewtonBodyGetInvMass       0000000180004f30 f   Newton.obj
 0001:00003fa0       NewtonBodySetMatrix        0000000180004fa0 f   Newton.obj
 0001:000040e0       NewtonBodySetMatrixRecursive 00000001800050e0 f   Newton.obj
 0001:00004120       NewtonBodyGetMatrix        0000000180005120 f   Newton.obj
 0001:00004140       NewtonBodyGetRotation      0000000180005140 f   Newton.obj
 0001:00004150       NewtonBodySetForce         0000000180005150 f   Newton.obj
 0001:000041f0       NewtonBodyAddForce         00000001800051f0 f   Newton.obj
 0001:000042b0       NewtonBodyGetForceAcc      00000001800052b0 f   Newton.obj
 0001:000042e0       NewtonBodyGetForce         00000001800052e0 f   Newton.obj
 0001:00004310       NewtonBodyCalculateInverseDynamicsForce 0000000180005310 f   Newton.obj
 0001:00004380       NewtonBodySetTorque        0000000180005380 f   Newton.obj
 0001:00004420       NewtonBodyAddTorque        0000000180005420 f   Newton.obj
 0001:000044e0       NewtonBodyGetTorque        00000001800054e0 f   Newton.obj
 0001:00004510       NewtonBodyGetTorqueAcc     0000000180005510 f   Newton.obj
 0001:00004540       NewtonBodySetCentreOfMass  0000000180005540 f   Newton.obj
 0001:00004620       NewtonBodyGetCentreOfMass  0000000180005620 f   Newton.obj
 0001:00004650       NewtonBodyGetFirstJoint    0000000180005650 f   Newton.obj
 0001:00004690       NewtonBodyGetNextJoint     0000000180005690 f   Newton.obj
 0001:000046e0       NewtonBodyGetFirstContactJoint 00000001800056e0 f   Newton.obj
 0001:00004720       NewtonBodyGetNextContactJoint 0000000180005720 f   Newton.obj
 0001:00004770       NewtonContactJointGetContactCount 0000000180005770 f   Newton.obj
 0001:00004790       NewtonContactJointGetFirstContact 0000000180005790 f   Newton.obj
 0001:000047b0       NewtonContactJointGetNextContact 00000001800057b0 f   Newton.obj
 0001:000047d0       NewtonContactJointRemoveContact 00000001800057d0 f   Newton.obj
 0001:000047f0       NewtonContactGetMaterial   00000001800057f0 f   Newton.obj
 0001:00004800       NewtonBodyAddBuoyancyForce 0000000180005800 f   Newton.obj
 0001:00004870       NewtonBodySetCollision     0000000180005870 f   Newton.obj
 0001:00004880       NewtonBodyGetCollision     0000000180005880 f   Newton.obj
 0001:00004890       NewtonBodySetMaterialGroupID 0000000180005890 f   Newton.obj
 0001:000048a0       NewtonBodyGetMaterialGroupID 00000001800058a0 f   Newton.obj
 0001:000048b0       NewtonBodySetContinuousCollisionMode 00000001800058b0 f   Newton.obj
 0001:000048d0       NewtonBodyGetContinuousCollisionMode 00000001800058d0 f   Newton.obj
 0001:000048e0       NewtonBodySetJointRecursiveCollision 00000001800058e0 f   Newton.obj
 0001:00004900       NewtonBodyGetJointRecursiveCollision 0000000180005900 f   Newton.obj
 0001:00004910       NewtonBodyGetFreezeState   0000000180005910 f   Newton.obj
 0001:00004920       NewtonBodySetFreezeState   0000000180005920 f   Newton.obj
 0001:00004930       NewtonBodySetAutoSleep     0000000180005930 f   Newton.obj
 0001:00004960       NewtonBodyGetAutoSleep     0000000180005960 f   Newton.obj
 0001:00004970       NewtonBodyGetSleepState    0000000180005970 f   Newton.obj
 0001:00004980       NewtonBodyGetAABB          0000000180005980 f   Newton.obj
 0001:000049d0       NewtonBodySetVelocity      00000001800059d0 f   Newton.obj
 0001:00004a10       NewtonBodyGetVelocity      0000000180005a10 f   Newton.obj
 0001:00004a40       NewtonBodySetOmega         0000000180005a40 f   Newton.obj
 0001:00004a80       NewtonBodyGetOmega         0000000180005a80 f   Newton.obj
 0001:00004ab0       NewtonBodySetLinearDamping 0000000180005ab0 f   Newton.obj
 0001:00004af0       NewtonBodyGetLinearDamping 0000000180005af0 f   Newton.obj
 0001:00004b10       NewtonBodySetAngularDamping 0000000180005b10 f   Newton.obj
 0001:00004bb0       NewtonBodyGetAngularDamping 0000000180005bb0 f   Newton.obj
 0001:00004c00       NewtonBodyAddImpulse       0000000180005c00 f   Newton.obj
 0001:00004c70       NewtonBodyApplyImpulseArray 0000000180005c70 f   Newton.obj
 0001:00004ca0       NewtonConstraintCreateBall 0000000180005ca0 f   Newton.obj
 0001:00004ce0       NewtonBallSetConeLimits    0000000180005ce0 f   Newton.obj
 0001:00004f90       NewtonBallSetUserCallback  0000000180005f90 f   Newton.obj
 0001:00004fa0       NewtonBallGetJointAngle    0000000180005fa0 f   Newton.obj
 0001:00004fd0       NewtonBallGetJointOmega    0000000180005fd0 f   Newton.obj
 0001:00005290       NewtonBallGetJointForce    0000000180006290 f   Newton.obj
 0001:000052d0       NewtonConstraintCreateHinge 00000001800062d0 f   Newton.obj
 0001:00005350       NewtonUniversalSetUserCallback 0000000180006350 f   Newton.obj
 0001:00005350       NewtonCorkscrewSetUserCallback 0000000180006350 f   Newton.obj
 0001:00005350       NewtonHingeSetUserCallback 0000000180006350 f   Newton.obj
 0001:00005350       NewtonSliderSetUserCallback 0000000180006350 f   Newton.obj
 0001:00005360       NewtonSliderGetJointPosit  0000000180006360 f   Newton.obj
 0001:00005360       NewtonUniversalGetJointAngle0 0000000180006360 f   Newton.obj
 0001:00005360       NewtonHingeGetJointAngle   0000000180006360 f   Newton.obj
 0001:00005360       NewtonCorkscrewGetJointAngle 0000000180006360 f   Newton.obj
 0001:00005370       NewtonHingeGetJointOmega   0000000180006370 f   Newton.obj
 0001:00005370       NewtonUniversalGetJointOmega0 0000000180006370 f   Newton.obj
 0001:00005370       NewtonCorkscrewGetJointOmega 0000000180006370 f   Newton.obj
 0001:00005380       NewtonHingeCalculateStopAlpha 0000000180006380 f   Newton.obj
 0001:00005390       NewtonHingeGetJointForce   0000000180006390 f   Newton.obj
 0001:000053d0       NewtonConstraintCreateSlider 00000001800063d0 f   Newton.obj
 0001:00005450       NewtonCorkscrewGetJointVeloc 0000000180006450 f   Newton.obj
 0001:00005450       NewtonSliderGetJointVeloc  0000000180006450 f   Newton.obj
 0001:00005460       NewtonSliderCalculateStopAccel 0000000180006460 f   Newton.obj
 0001:00005470       NewtonSliderGetJointForce  0000000180006470 f   Newton.obj
 0001:000054b0       NewtonConstraintCreateCorkscrew 00000001800064b0 f   Newton.obj
 0001:00005530       NewtonCorkscrewGetJointPosit 0000000180006530 f   Newton.obj
 0001:00005530       NewtonUniversalGetJointAngle1 0000000180006530 f   Newton.obj
 0001:00005540       NewtonUniversalCalculateStopAlpha0 0000000180006540 f   Newton.obj
 0001:00005540       NewtonCorkscrewCalculateStopAlpha 0000000180006540 f   Newton.obj
 0001:00005550       NewtonCorkscrewCalculateStopAccel 0000000180006550 f   Newton.obj
 0001:00005560       NewtonCorkscrewGetJointForce 0000000180006560 f   Newton.obj
 0001:00005560       NewtonUniversalGetJointForce 0000000180006560 f   Newton.obj
 0001:000055a0       NewtonConstraintCreateUniversal 00000001800065a0 f   Newton.obj
 0001:00005650       NewtonUniversalGetJointOmega1 0000000180006650 f   Newton.obj
 0001:00005660       NewtonUniversalCalculateStopAlpha1 0000000180006660 f   Newton.obj
 0001:00005670       NewtonConstraintCreateUpVector 0000000180006670 f   Newton.obj
 0001:000056b0       NewtonUpVectorGetPin       00000001800066b0 f   Newton.obj
 0001:000056e0       NewtonUpVectorSetPin       00000001800066e0 f   Newton.obj
 0001:000058e0       NewtonConstraintCreateUserJoint 00000001800068e0 f   Newton.obj
 0001:00005a20       NewtonUserJointAddLinearRow 0000000180006a20 f   Newton.obj
 0001:00005bc0       NewtonUserJointAddAngularRow 0000000180006bc0 f   Newton.obj
 0001:00005ce0       NewtonUserJointAddGeneralRow 0000000180006ce0 f   Newton.obj
 0001:00005d50       NewtonUserJointSetRowMaximumFriction 0000000180006d50 f   Newton.obj
 0001:00005dc0       NewtonUserJointSetRowMinimumFriction 0000000180006dc0 f   Newton.obj
 0001:00005e30       NewtonUserJointSetRowAcceleration 0000000180006e30 f   Newton.obj
 0001:00005e60       NewtonUserJointSetRowSpringDamperAcceleration 0000000180006e60 f   Newton.obj
 0001:000060d0       NewtonUserJointSetRowStiffness 00000001800070d0 f   Newton.obj
 0001:00006130       NewtonUserJointGetRowForce 0000000180007130 f   Newton.obj
 0001:00006160       NewtonUserJointSetFeedbackCollectorCallback 0000000180007160 f   Newton.obj
 0001:00006170       NewtonJointSetUserData     0000000180007170 f   Newton.obj
 0001:00006180       NewtonJointGetUserData     0000000180007180 f   Newton.obj
 0001:00006190       NewtonJointGetInfo         0000000180007190 f   Newton.obj
 0001:000061a0       NewtonJointGetBody0        00000001800071a0 f   Newton.obj
 0001:000061b0       NewtonJointGetBody1        00000001800071b0 f   Newton.obj
 0001:000061d0       NewtonJointSetCollisionState 00000001800071d0 f   Newton.obj
 0001:000061f0       NewtonJointGetCollisionState 00000001800071f0 f   Newton.obj
 0001:00006200       NewtonJointSetStiffness    0000000180007200 f   Newton.obj
 0001:00006210       NewtonJointGetStiffness    0000000180007210 f   Newton.obj
 0001:00006220       NewtonJointSetDestructor   0000000180007220 f   Newton.obj
 0001:00006230       NewtonDestroyJoint         0000000180007230 f   Newton.obj
 0001:00006270       NewtonMeshCreate           0000000180007270 f   Newton.obj
 0001:000062f0       NewtonMeshCreateFromMesh   00000001800072f0 f   Newton.obj
 0001:00006330       NewtonMeshCreateFromCollision 0000000180007330 f   Newton.obj
 0001:00006370       NewtonMeshConvexHull       0000000180007370 f   Newton.obj
 0001:00006630       NewtonMeshDestroy          0000000180007630 f   Newton.obj
 0001:00006650       NewtonMesApplyTransform    0000000180007650 f   Newton.obj
 0001:00006920       NewtonMeshCalculateOOBB    0000000180007920 f   Newton.obj
 0001:00006b90       NewtonMeshCalculateVertexNormals 0000000180007b90 f   Newton.obj
 0001:00006ba0       NewtonMeshApplySphericalMapping 0000000180007ba0 f   Newton.obj
 0001:00006bb0       NewtonMeshApplyBoxMapping  0000000180007bb0 f   Newton.obj
 0001:00006bc0       NewtonMeshApplyCylindricalMapping 0000000180007bc0 f   Newton.obj
 0001:00006bd0       NewtonMeshTriangulate      0000000180007bd0 f   Newton.obj
 0001:00006be0       NewtonMeshPolygonize       0000000180007be0 f   Newton.obj
 0001:00006bf0       NewtonMeshIsOpenMesh       0000000180007bf0 f   Newton.obj
 0001:00006c70       NewtonMeshFixTJoints       0000000180007c70 f   Newton.obj
 0001:00006c80       NewtonMeshClip             0000000180007c80 f   Newton.obj
 0001:00006c90       NewtonMeshPlaneClip        0000000180007c90 f   Newton.obj
 0001:00006cb0       NewtonMeshVoronoiDecomposition 0000000180007cb0 f   Newton.obj
 0001:00006cc0       NewtonMeshUnion            0000000180007cc0 f   Newton.obj
 0001:00006cd0       NewtonMeshDifference       0000000180007cd0 f   Newton.obj
 0001:00006ce0       NewtonMeshIntersection     0000000180007ce0 f   Newton.obj
 0001:00006cf0       NewtonRemoveUnusedVertices 0000000180007cf0 f   Newton.obj
 0001:00006d00       NewtonMeshBeginFace        0000000180007d00 f   Newton.obj
 0001:00006d10       NewtonMeshAddFace          0000000180007d10 f   Newton.obj
 0001:00006d20       NewtonMeshEndFace          0000000180007d20 f   Newton.obj
 0001:00006d30       NewtonMeshBuildFromVertexListIndexList 0000000180007d30 f   Newton.obj
 0001:00006de0       NewtonMeshGetVertexStrideInByte 0000000180007de0 f   Newton.obj
 0001:00006df0       NewtonMeshGetVertexArray   0000000180007df0 f   Newton.obj
 0001:00006e00       NewtonMeshGetPointCount    0000000180007e00 f   Newton.obj
 0001:00006e10       NewtonMeshGetPointStrideInByte 0000000180007e10 f   Newton.obj
 0001:00006e20       NewtonMeshGetPointArray    0000000180007e20 f   Newton.obj
 0001:00006e30       NewtonMeshGetNormalArray   0000000180007e30 f   Newton.obj
 0001:00006e40       NewtonMeshGetUV0Array      0000000180007e40 f   Newton.obj
 0001:00006e50       NewtonMeshGetUV1Array      0000000180007e50 f   Newton.obj
 0001:00006e60       NewtonMeshGetVertexStreams 0000000180007e60 f   Newton.obj
 0001:00006e70       ?GetCollisionInfo@dgCollisionMesh@@EEBAXPEAVdgCollisionInfo@@@Z 0000000180007e70 f   physics:dgCollisionMesh.obj
 0001:00006e70       ?DebugCollision@dgCollisionNull@@MEBAXAEBVdgMatrix@@P6AXPEAXHPEBMH@ZQEAX@Z 0000000180007e70 f   physics:dgCollisionNull.obj
 0001:00006e70       ?SetCollisionBBox@dgCollisionSphere@@MEAAXAEBVdgVector@@0@Z 0000000180007e70 f   physics:dgCollisionSphere.obj
 0001:00006e70       ?SetCollisionBBox@dgCollisionBox@@MEAAXAEBVdgVector@@0@Z 0000000180007e70 f   physics:dgCollisionBox.obj
 0001:00006e70       ?SetCollisionBBox@dgCollisionCompound@@MEAAXAEBVdgVector@@0@Z 0000000180007e70 f   physics:dgCollisionCompound.obj
 0001:00006e70       ?SetCollisionBBox@dgCollisionChamferCylinder@@MEAAXAEBVdgVector@@0@Z 0000000180007e70 f   physics:dgCollisionChamferCylinder.obj
 0001:00006e70       ?ForAllSectorsRayHit@dgPolygonSoupDatabase@@MEBAXAEBVdgFastRayTest@@P6AMPEAXQEBMHQEBHH@ZQEAX@Z 0000000180007e70 f   core:dgAABBPolygonSoup.obj
 0001:00006e70       ?SetBreakImpulse@dgCollision@@UEAAXM@Z 0000000180007e70 f   physics:dgWorld.obj
 0001:00006e70       ?ForAllSectorsSimd@dgPolygonSoupDatabase@@MEBAXAEBVdgVector@@0P6A?AW4dgIntersectStatus@@PEAXQEBMHQEBHH@ZQEAX@Z 0000000180007e70 f   core:dgAABBPolygonSoup.obj
 0001:00006e70       ?SetCollisionBBox@dgCollisionCylinder@@EEAAXAEBVdgVector@@0@Z 0000000180007e70 f   physics:dgCollisionCylinder.obj
 0001:00006e70       ?ModifierSetMatrix@dgCollision@@UEAAXAEBVdgMatrix@@@Z 0000000180007e70 f   physics:dgWorld.obj
 0001:00006e70       ?SetCollisionBBox@dgCollisionConvexModifier@@EEAAXAEBVdgVector@@0@Z 0000000180007e70 f   physics:dgCollisionConvexModifier.obj
 0001:00006e70       NewtonMeshGetIndirectVertexStreams 0000000180007e70 f   Newton.obj
 0001:00006e70       ?GetInfo@dgConstraint@@UEBAXQEAVdgConstraintInfo@@@Z 0000000180007e70 f   physics:dgConstraint.obj
 0001:00006e70       ?Serialize@dgCollisionConvexPolygon@dgCollisionMesh@@UEBAXP6AXQEAXQEBX_K@Z0@Z 0000000180007e70 f   physics:dgCollisionMesh.obj
 0001:00006e70       ?__empty_global_delete@@YAXPEAX_K@Z 0000000180007e70 f   Newton.obj
 0001:00006e70       ?JointVelocityCorrection@dgContact@@EEAAXAEBVdgJointAccelerationDecriptor@@@Z 0000000180007e70 f   physics:dgContact.obj
 0001:00006e70       ?__global_delete@@YAXPEAX_K@Z 0000000180007e70 f   * CIL library *:* CIL module *
 0001:00006e70       ?SetCollisionBBox@dgCollisionCone@@EEAAXAEBVdgVector@@0@Z 0000000180007e70 f   physics:dgCollisionCone.obj
 0001:00006e70       ?GetAABB@dgPolygonSoupDatabase@@UEBAXAEAVdgVector@@0@Z 0000000180007e70 f   core:dgAABBPolygonSoup.obj
 0001:00006e70       ?SetCollisionBBox@dgCollisionCapsule@@EEAAXAEBVdgVector@@0@Z 0000000180007e70 f   physics:dgCollisionCapsule.obj
 0001:00006e70       ?SetCollisionBBox@dgCollisionNull@@EEAAXAEBVdgVector@@0@Z 0000000180007e70 f   physics:dgCollisionNull.obj
 0001:00006e70       ?Serialize@dgCollisionMesh@@EEBAXP6AXQEAXQEBX_K@Z0@Z 0000000180007e70 f   physics:dgCollisionMesh.obj
 0001:00006e70       ?ForAllSectors@dgPolygonSoupDatabase@@MEBAXAEBVdgVector@@0P6A?AW4dgIntersectStatus@@PEAXQEBMHQEBHH@ZQEAX@Z 0000000180007e70 f   core:dgAABBPolygonSoup.obj
 0001:00006e70       ?SetCollisionBBox@dgCollisionConvexHull@@EEAAXAEBVdgVector@@0@Z 0000000180007e70 f   physics:dgCollisionConvexHull.obj
 0001:00006e70       ?Serialize@dgCollisionUserMesh@@EEBAXP6AXQEAXQEBX_K@Z0@Z 0000000180007e70 f   physics:dgCollisionUserMesh.obj
 0001:00006e70       ?SetStiffness@dgConstraint@@UEAAXM@Z 0000000180007e70 f   physics:dgBilateralConstraint.obj
 0001:00006e70       ?DebugCollision@dgCollisionUserMesh@@EEBAXAEBVdgMatrix@@P6AXPEAXHPEBMH@ZQEAX@Z 0000000180007e70 f   physics:dgCollisionUserMesh.obj
 0001:00006e70       ?Init@dgBilateralConstraint@@MEAAXXZ 0000000180007e70 f   NewtonClass.obj
 0001:00006e70       ?DebugCollision@dgCollisionMesh@@EEBAXAEBVdgMatrix@@P6AXPEAXHPEBMH@ZQEAX@Z 0000000180007e70 f   physics:dgCollisionMesh.obj
 0001:00006e70       ?SetCollisionBBox@dgCollisionEllipse@@EEAAXAEBVdgVector@@0@Z 0000000180007e70 f   physics:dgCollisionEllipse.obj
 0001:00006e70       ?SetDestructorCallback@dgContact@@EEAAXP6AXAEAVdgConstraint@@@Z@Z 0000000180007e70 f   physics:dgContact.obj
 0001:00006e70       ?SetAsTriggerVolume@dgCollision@@UEAAX_N@Z 0000000180007e70 f   physics:dgCollisionCompoundBreakable.obj
 0001:00006e70       ?Remove@dgBilateralConstraint@@MEAAXPEAVdgWorld@@@Z 0000000180007e70 f   NewtonClass.obj
 0001:00006e70       ?JointVelocityCorrection@dgBilateralConstraint@@MEAAXAEBVdgJointAccelerationDecriptor@@@Z 0000000180007e70 f   physics:dgBilateralConstraint.obj
 0001:00006e70       ?SetUserData@dgCollision@@UEAAXQEAX@Z 0000000180007e70 f   physics:dgCollision.obj
 0001:00006e70       ?ForAllSectorsRayHitSimd@dgPolygonSoupDatabase@@MEBAXAEBVdgFastRayTest@@P6AMPEAXQEBMHQEBHH@ZQEAX@Z 0000000180007e70 f   core:dgAABBPolygonSoup.obj
 0001:00006e70       ?SetCollisionBBox@dgCollisionConvexPolygon@dgCollisionMesh@@UEAAXAEBVdgVector@@0@Z 0000000180007e70 f   physics:dgCollisionMesh.obj
 0001:00006e70       _guard_check_icall_nop     0000000180007e70 f   MSVCRT:guard_support.obj
 0001:00006e80       NewtonMeshBeginHandle      0000000180007e80 f   Newton.obj
 0001:00006e90       NewtonMeshEndHandle        0000000180007e90 f   Newton.obj
 0001:00006eb0       NewtonMeshFirstMaterial    0000000180007eb0 f   Newton.obj
 0001:00006ec0       NewtonMeshNextMaterial     0000000180007ec0 f   Newton.obj
 0001:00006ed0       NewtonMeshMaterialGetMaterial 0000000180007ed0 f   Newton.obj
 0001:00006ee0       NewtonMeshMaterialGetIndexCount 0000000180007ee0 f   Newton.obj
 0001:00006ef0       NewtonMeshMaterialGetIndexStream 0000000180007ef0 f   Newton.obj
 0001:00006f60       NewtonMeshMaterialGetIndexStreamShort 0000000180007f60 f   Newton.obj
 0001:00006fd0       NewtonMeshCreateFirstSingleSegment 0000000180007fd0 f   Newton.obj
 0001:000070a0       NewtonMeshCreateNextSingleSegment 00000001800080a0 f   Newton.obj
 0001:00007170       NewtonMeshCreateFirstLayer 0000000180008170 f   Newton.obj
 0001:00007180       NewtonMeshCreateNextLayer  0000000180008180 f   Newton.obj
 0001:000071a0       NewtonMeshGetTotalFaceCount 00000001800081a0 f   Newton.obj
 0001:00007250       NewtonMeshGetTotalIndexCount 0000000180008250 f   Newton.obj
 0001:00007310       NewtonMeshGetFaces         0000000180008310 f   Newton.obj
 0001:00007320       NewtonMeshGetNextVertex    0000000180008320 f   Newton.obj
 0001:000073f0       NewtonMeshGetVertexIndex   00000001800083f0 f   Newton.obj
 0001:000073f0       NewtonMeshGetVertexIndexFromPoint 00000001800083f0 f   Newton.obj
 0001:00007400       NewtonMeshGetFirstPoint    0000000180008400 f   Newton.obj
 0001:00007480       NewtonMeshGetNextPoint     0000000180008480 f   Newton.obj
 0001:00007520       NewtonMeshGetPointIndex    0000000180008520 f   Newton.obj
 0001:00007530       NewtonMeshGetFirstEdge     0000000180008530 f   Newton.obj
 0001:00007570       NewtonMeshGetNextEdge      0000000180008570 f   Newton.obj
 0001:00007630       NewtonMeshGetEdgeIndices   0000000180008630 f   Newton.obj
 0001:00007640       NewtonMeshGetFirstFace     0000000180008640 f   Newton.obj
 0001:00007690       NewtonMeshGetNextFace      0000000180008690 f   Newton.obj
 0001:00007750       NewtonMeshIsFaceOpen       0000000180008750 f   Newton.obj
 0001:00007760       NewtonMeshGetFaceIndexCount 0000000180008760 f   Newton.obj
 0001:00007780       NewtonMeshGetFaceMaterial  0000000180008780 f   Newton.obj
 0001:00007790       NewtonMeshGetFaceIndices   0000000180008790 f   Newton.obj
 0001:000077c0       NewtonMeshGetFacePointIndices 00000001800087c0 f   Newton.obj
 0001:000077f0       ??_GdgListNode@?$dgList@PEAVdgListNode@?$dgList@V?$dgGraphNode@VdgDebriNodeInfo@dgCollisionCompoundBreakable@@VdgSharedNodeMesh@2@@@@@@@EEAAPEAXI@Z 00000001800087f0 f i physics:dgCollisionCompoundBreakable.obj
 0001:000077f0       ??_GdgListNode@?$dgList@PEAVdgMemoryAllocator@@@@EEAAPEAXI@Z 00000001800087f0 f i core:dgMemory.obj
 0001:000077f0       ??_EdgListNode@?$dgList@PEAVdgListNode@?$dgList@VdgConvexHull3DFace@@@@@@EEAAPEAXI@Z 00000001800087f0 f i * CIL library *:* CIL module *
 0001:000077f0       ??_GdgListNode@?$dgList@H@@EEAAPEAXI@Z 00000001800087f0 f i physics:dgMeshEffect2.obj
 0001:000077f0       ??_GdgListNode@?$dgList@PEAUNewtonCollision@@@@EEAAPEAXI@Z 00000001800087f0 f i Newton.obj
 0001:000077f0       ??_GdgListNode@?$dgList@PEAVdgProxy@dgCollisionScene@@@@EEAAPEAXI@Z 00000001800087f0 f i physics:dgCollisionScene.obj
 0001:000077f0       ??_GdgListNode@?$dgList@PEAVdgConstructionTree@dgAABBTree@@@@EEAAPEAXI@Z 00000001800087f0 f i core:dgAABBPolygonSoup.obj
 0001:000077f0       ??_EdgListNode@?$dgList@VdgDiagonalEdge@@@@EEAAPEAXI@Z 00000001800087f0 f i * CIL library *:* CIL module *
 0001:000077f0       ??_EdgListNode@?$dgList@PEAVdgConstructionTree@dgAABBTree@@@@EEAAPEAXI@Z 00000001800087f0 f i * CIL library *:* CIL module *
 0001:000077f0       ??_GdgListNode@?$dgList@PEAVdgContact@@@@EEAAPEAXI@Z 00000001800087f0 f i physics:dgContact.obj
 0001:000077f0       ??_GdgListNode@?$dgList@PEAVdgNode@dgCollisionScene@@@@EEAAPEAXI@Z 00000001800087f0 f i physics:dgCollisionScene.obj
 0001:000077f0       ??_GdgListNode@?$dgList@PEAVdgMeshTreeCSGFace@@@@EEAAPEAXI@Z 00000001800087f0 f i physics:dgMeshEffect.obj
 0001:000077f0       ??_EdgListNode@?$dgList@PEAVdgContact@@@@EEAAPEAXI@Z 00000001800087f0 f i * CIL library *:* CIL module *
 0001:000077f0       ??_EdgListNode@?$dgList@PEAVdgProxy@dgCollisionScene@@@@EEAAPEAXI@Z 00000001800087f0 f i * CIL library *:* CIL module *
 0001:000077f0       ??_EdgListNode@?$dgList@H@@EEAAPEAXI@Z 00000001800087f0 f i * CIL library *:* CIL module *
 0001:000077f0       ??_EdgListNode@?$dgList@PEAVdgListNode@?$dgList@VdgConvexHull4dTetraherum@@@@@@EEAAPEAXI@Z 00000001800087f0 f i * CIL library *:* CIL module *
 0001:000077f0       ??_EdgListNode@?$dgList@PEAVdgListNode@?$dgList@V?$dgGraphNode@VdgDebriNodeInfo@dgCollisionCompoundBreakable@@VdgSharedNodeMesh@2@@@@@@@EEAAPEAXI@Z 00000001800087f0 f i * CIL library *:* CIL module *
 0001:000077f0       ??_GdgListNode@?$dgList@PEAVdgListNode@?$dgList@VdgConvexHull4dTetraherum@@@@@@EEAAPEAXI@Z 00000001800087f0 f i core:dgConvexHull4d.obj
 0001:000077f0       ??_GdgListNode@?$dgList@PEAVdgListNode@?$dgList@VdgConvexHull3DFace@@@@@@EEAAPEAXI@Z 00000001800087f0 f i core:dgConvexHull3d.obj
 0001:000077f0       ??_EdgListNode@?$dgList@PEAVdgMeshTreeCSGFace@@@@EEAAPEAXI@Z 00000001800087f0 f i * CIL library *:* CIL module *
 0001:000077f0       ??_EdgListNode@?$dgList@PEAVdgNode@dgCollisionScene@@@@EEAAPEAXI@Z 00000001800087f0 f i * CIL library *:* CIL module *
 0001:000077f0       ??_EdgListNode@?$dgList@PEAUNewtonCollision@@@@EEAAPEAXI@Z 00000001800087f0 f i * CIL library *:* CIL module *
 0001:000077f0       ??_GdgListNode@?$dgList@VdgDiagonalEdge@@@@EEAAPEAXI@Z 00000001800087f0 f i core:dgPolyhedra.obj
 0001:000077f0       ??_EdgListNode@?$dgList@PEAVdgMemoryAllocator@@@@EEAAPEAXI@Z 00000001800087f0 f i * CIL library *:* CIL module *
 0001:00007840       ?Remove@?$dgList@VdgContactMaterial@@@@QEAAXQEAVdgListNode@1@@Z 0000000180008840 f i Newton.obj
 0001:000078c0       ??1?$dgTree@VdgContactMaterial@@I@@UEAA@XZ 00000001800088c0 f i physics:dgWorld.obj
 0001:000078c0       ??1?$dgTree@PEAVdgConstraint@@PEAV1@@@UEAA@XZ 00000001800088c0 f i Newton.obj
 0001:000078c0       ??1?$dgTree@PEAVdgConstraint@@PEAX@@UEAA@XZ 00000001800088c0 f i NewtonClass.obj
 0001:000078c0       ??1?$dgTree@PEAVdgBody@@PEAX@@UEAA@XZ 00000001800088c0 f i NewtonClass.obj
 0001:000078c0       ??1?$dgTree@PEAVdgListNode@?$dgList@VdgConvexHull4dTetraherum@@@@PEAV12@@@UEAA@XZ 00000001800088c0 f i core:dgConvexHull4d.obj
 0001:000078c0       ??1?$dgTree@PEAXI@@UEAA@XZ 00000001800088c0 f i physics:dgWorld.obj
 0001:000078c0       ??1?$dgTree@HPEAVdgListNode@?$dgList@V?$dgGraphNode@VdgDebriNodeInfo@dgCollisionCompoundBreakable@@VdgSharedNodeMesh@2@@@@@@@UEAA@XZ 00000001800088c0 f i physics:dgCollisionCompoundBreakable.obj
 0001:000078c0       ??1?$dgTree@PEAVdgCollision@@I@@UEAA@XZ 00000001800088c0 f i physics:dgWorld.obj
 0001:000078c0       ??1?$dgTree@VdgBroadPhaseCell@@I@@UEAA@XZ 00000001800088c0 f i physics:dgBroadPhaseCollision.obj
 0001:000078c0       ??1?$dgTree@HH@@UEAA@XZ    00000001800088c0 f i physics:dgMeshEffect.obj
 0001:000078c0       ??1?$dgTree@VdgCompoundBreakableFilterData@dgCollisionCompoundBreakable@@PEAVdgCollisionConvex@@@@UEAA@XZ 00000001800088c0 f i physics:dgCollisionCompoundBreakable.obj
 0001:000078c0       ??1?$dgTree@V?$dgList@H@@H@@UEAA@XZ 00000001800088c0 f i physics:dgMeshEffect2.obj
 0001:000078c0       ??1?$dgTree@PEAVdgListNode@?$dgList@V?$dgGraphNode@VdgDebriNodeInfo@dgCollisionCompoundBreakable@@VdgSharedNodeMesh@2@@@@@PEAV12@@@UEAA@XZ 00000001800088c0 f i physics:dgCollisionCompoundBreakable.obj
 0001:00007940       ??_G?$dgTree@HPEAVdgListNode@?$dgList@V?$dgGraphNode@VdgDebriNodeInfo@dgCollisionCompoundBreakable@@VdgSharedNodeMesh@2@@@@@@@UEAAPEAXI@Z 0000000180008940 f i physics:dgCollisionCompoundBreakable.obj
 0001:00007940       ??_ENewtonDeadBodies@@UEAAPEAXI@Z 0000000180008940 f i * CIL library *:* CIL module *
 0001:00007940       ??_E?$dgTree@PEAVdgListNode@?$dgList@VdgConvexHull4dTetraherum@@@@PEAV12@@@UEAAPEAXI@Z 0000000180008940 f i * CIL library *:* CIL module *
 0001:00007940       ??_E?$dgTree@V?$dgList@H@@H@@UEAAPEAXI@Z 0000000180008940 f i * CIL library *:* CIL module *
 0001:00007940       ??_G?$dgTree@PEAXI@@UEAAPEAXI@Z 0000000180008940 f i physics:dgWorld.obj
 0001:00007940       ??_G?$dgTree@VdgContactMaterial@@I@@UEAAPEAXI@Z 0000000180008940 f i physics:dgWorld.obj
 0001:00007940       ??_G?$dgTree@PEAVdgListNode@?$dgList@VdgConvexHull4dTetraherum@@@@PEAV12@@@UEAAPEAXI@Z 0000000180008940 f i core:dgConvexHull4d.obj
 0001:00007940       ??_G?$dgTree@VdgCompoundBreakableFilterData@dgCollisionCompoundBreakable@@PEAVdgCollisionConvex@@@@UEAAPEAXI@Z 0000000180008940 f i physics:dgCollisionCompoundBreakable.obj
 0001:00007940       ??_E?$dgTree@VdgCompoundBreakableFilterData@dgCollisionCompoundBreakable@@PEAVdgCollisionConvex@@@@UEAAPEAXI@Z 0000000180008940 f i * CIL library *:* CIL module *
 0001:00007940       ??_G?$dgTree@HH@@UEAAPEAXI@Z 0000000180008940 f i physics:dgMeshEffect.obj
 0001:00007940       ??_G?$dgTree@VdgBroadPhaseCell@@I@@UEAAPEAXI@Z 0000000180008940 f i physics:dgBroadPhaseCollision.obj
 0001:00007940       ??_E?$dgTree@PEAVdgListNode@?$dgList@V?$dgGraphNode@VdgDebriNodeInfo@dgCollisionCompoundBreakable@@VdgSharedNodeMesh@2@@@@@PEAV12@@@UEAAPEAXI@Z 0000000180008940 f i * CIL library *:* CIL module *
 0001:00007940       ??_G?$dgTree@PEAVdgCollision@@I@@UEAAPEAXI@Z 0000000180008940 f i physics:dgWorld.obj
 0001:00007940       ??_E?$dgTree@PEAVdgBody@@PEAX@@UEAAPEAXI@Z 0000000180008940 f i * CIL library *:* CIL module *
 0001:00007940       ??_E?$dgTree@HPEAVdgListNode@?$dgList@V?$dgGraphNode@VdgDebriNodeInfo@dgCollisionCompoundBreakable@@VdgSharedNodeMesh@2@@@@@@@UEAAPEAXI@Z 0000000180008940 f i * CIL library *:* CIL module *
 0001:00007940       ??_G?$dgTree@PEAVdgBody@@PEAX@@UEAAPEAXI@Z 0000000180008940 f i NewtonClass.obj
 0001:00007940       ??_G?$dgTree@PEAVdgListNode@?$dgList@V?$dgGraphNode@VdgDebriNodeInfo@dgCollisionCompoundBreakable@@VdgSharedNodeMesh@2@@@@@PEAV12@@@UEAAPEAXI@Z 0000000180008940 f i physics:dgCollisionCompoundBreakable.obj
 0001:00007940       ??_ENewtonDeadJoints@@UEAAPEAXI@Z 0000000180008940 f i * CIL library *:* CIL module *
 0001:00007940       ??_E?$dgTree@PEAVdgCollision@@I@@UEAAPEAXI@Z 0000000180008940 f i * CIL library *:* CIL module *
 0001:00007940       ??_E?$dgTree@PEAVdgConstraint@@PEAX@@UEAAPEAXI@Z 0000000180008940 f i * CIL library *:* CIL module *
 0001:00007940       ??_E?$dgTree@VdgBroadPhaseCell@@I@@UEAAPEAXI@Z 0000000180008940 f i * CIL library *:* CIL module *
 0001:00007940       ??_E?$dgTree@HH@@UEAAPEAXI@Z 0000000180008940 f i * CIL library *:* CIL module *
 0001:00007940       ??_E?$dgTree@PEAVdgConstraint@@PEAV1@@@UEAAPEAXI@Z 0000000180008940 f i * CIL library *:* CIL module *
 0001:00007940       ??_G?$dgTree@V?$dgList@H@@H@@UEAAPEAXI@Z 0000000180008940 f i physics:dgMeshEffect2.obj
 0001:00007940       ??_GNewtonDeadJoints@@UEAAPEAXI@Z 0000000180008940 f i NewtonClass.obj
 0001:00007940       ??_E?$dgTree@PEAXI@@UEAAPEAXI@Z 0000000180008940 f i * CIL library *:* CIL module *
 0001:00007940       ??_G?$dgTree@PEAVdgConstraint@@PEAX@@UEAAPEAXI@Z 0000000180008940 f i NewtonClass.obj
 0001:00007940       ??_GNewtonDeadBodies@@UEAAPEAXI@Z 0000000180008940 f i NewtonClass.obj
 0001:00007940       ??_G?$dgTree@PEAVdgConstraint@@PEAV1@@@UEAAPEAXI@Z 0000000180008940 f i Newton.obj
 0001:00007940       ??_E?$dgTree@VdgContactMaterial@@I@@UEAAPEAXI@Z 0000000180008940 f i * CIL library *:* CIL module *
 0001:000079a0       ??_EdgTreeNode@?$dgTree@HPEAVdgListNode@?$dgList@V?$dgGraphNode@VdgDebriNodeInfo@dgCollisionCompoundBreakable@@VdgSharedNodeMesh@2@@@@@@@EEAAPEAXI@Z 00000001800089a0 f i * CIL library *:* CIL module *
 0001:000079a0       ??_EdgTreeNode@?$dgTree@PEAXI@@EEAAPEAXI@Z 00000001800089a0 f i * CIL library *:* CIL module *
 0001:000079a0       ??_EdgTreeNode@?$dgTree@PEBVdgNodeBase@dgCollisionCompound@@PEBV12@@@EEAAPEAXI@Z 00000001800089a0 f i * CIL library *:* CIL module *
 0001:000079a0       ??_GdgTreeNode@?$dgTree@PEAVdgConstraint@@PEAX@@EEAAPEAXI@Z 00000001800089a0 f i NewtonClass.obj
 0001:000079a0       ??_EdgTreeNode@?$dgTree@PEAVdgConstraint@@PEAX@@EEAAPEAXI@Z 00000001800089a0 f i * CIL library *:* CIL module *
 0001:000079a0       ??_EdgTreeNode@?$dgTree@PEAVdgCollision@@I@@EEAAPEAXI@Z 00000001800089a0 f i * CIL library *:* CIL module *
 0001:000079a0       ??_GdgTreeNode@?$dgTree@PEAVdgListNode@?$dgList@VdgConvexHull4dTetraherum@@@@PEAV12@@@EEAAPEAXI@Z 00000001800089a0 f i core:dgConvexHull4d.obj
 0001:000079a0       ??_GdgTreeNode@?$dgTree@PEAVdgBody@@PEAX@@EEAAPEAXI@Z 00000001800089a0 f i NewtonClass.obj
 0001:000079a0       ??_EdgTreeNode@?$dgTree@PEAVdgConstraint@@PEAV1@@@EEAAPEAXI@Z 00000001800089a0 f i * CIL library *:* CIL module *
 0001:000079a0       ??_GdgTreeNode@?$dgTree@PEAVdgListNode@?$dgList@V?$dgGraphNode@VdgDebriNodeInfo@dgCollisionCompoundBreakable@@VdgSharedNodeMesh@2@@@@@PEAV12@@@EEAAPEAXI@Z 00000001800089a0 f i physics:dgCollisionCompoundBreakable.obj
 0001:000079a0       ??_GdgTreeNode@?$dgTree@PEBVdgNodeBase@dgCollisionCompound@@PEBV12@@@EEAAPEAXI@Z 00000001800089a0 f i physics:dgCollisionCompound.obj
 0001:000079a0       ??_GdgTreeNode@?$dgTree@PEAVdgCollision@@I@@EEAAPEAXI@Z 00000001800089a0 f i physics:dgNarrowPhaseCollision.obj
 0001:000079a0       ??_EdgTreeNode@?$dgTree@PEAVdgListNode@?$dgList@V?$dgGraphNode@VdgDebriNodeInfo@dgCollisionCompoundBreakable@@VdgSharedNodeMesh@2@@@@@PEAV12@@@EEAAPEAXI@Z 00000001800089a0 f i * CIL library *:* CIL module *
 0001:000079a0       ??_EdgTreeNode@?$dgTree@PEAVdgBody@@PEAX@@EEAAPEAXI@Z 00000001800089a0 f i * CIL library *:* CIL module *
 0001:000079a0       ??_GdgTreeNode@?$dgTree@PEAXI@@EEAAPEAXI@Z 00000001800089a0 f i physics:dgCollisionHeightField.obj
 0001:000079a0       ??_GdgTreeNode@?$dgTree@PEAVdgConstraint@@PEAV1@@@EEAAPEAXI@Z 00000001800089a0 f i Newton.obj
 0001:000079a0       ??_GdgTreeNode@?$dgTree@HPEAVdgListNode@?$dgList@V?$dgGraphNode@VdgDebriNodeInfo@dgCollisionCompoundBreakable@@VdgSharedNodeMesh@2@@@@@@@EEAAPEAXI@Z 00000001800089a0 f i physics:dgCollisionCompoundBreakable.obj
 0001:000079a0       ??_EdgTreeNode@?$dgTree@PEAVdgListNode@?$dgList@VdgConvexHull4dTetraherum@@@@PEAV12@@@EEAAPEAXI@Z 00000001800089a0 f i * CIL library *:* CIL module *
 0001:000079f0       ??_GdgRedBackNode@@UEAAPEAXI@Z 00000001800089f0 f i Newton.obj
 0001:000079f0       ??_GdgListNode@?$dgList@V?$dgGraphEdge@VdgDebriNodeInfo@dgCollisionCompoundBreakable@@VdgSharedNodeMesh@2@@@@@EEAAPEAXI@Z 00000001800089f0 f i physics:dgCollisionCompoundBreakable.obj
 0001:000079f0       ??_EdgListNode@?$dgList@V?$dgGraphEdge@VdgDebriNodeInfo@dgCollisionCompoundBreakable@@VdgSharedNodeMesh@2@@@@@EEAAPEAXI@Z 00000001800089f0 f i * CIL library *:* CIL module *
 0001:000079f0       ??_EdgListNode@?$dgList@VdgSortArrayEntry@@@@EEAAPEAXI@Z 00000001800089f0 f i * CIL library *:* CIL module *
 0001:000079f0       ??_EdgListNode@?$dgList@VdgBodyMasterListCell@@@@EEAAPEAXI@Z 00000001800089f0 f i * CIL library *:* CIL module *
 0001:000079f0       ??_GdgListNode@?$dgList@VdgBodyMasterListCell@@@@EEAAPEAXI@Z 00000001800089f0 f i physics:dgBodyMasterList.obj
 0001:000079f0       ??_EdgRedBackNode@@UEAAPEAXI@Z 00000001800089f0 f i * CIL library *:* CIL module *
 0001:000079f0       ??_GdgListNode@?$dgList@VdgSortArrayEntry@@@@EEAAPEAXI@Z 00000001800089f0 f i physics:dgBroadPhaseCollision.obj
 0001:00007a40       ?Scale@?$dgTemplateVector@M@@QEBA?AV1@M@Z 0000000180008a40 f i Newton.obj
 0001:00007a70       ??L?$dgTemplateVector@M@@QEBAMAEBV0@@Z 0000000180008a70 f i Newton.obj
 0001:00007aa0       ??D?$dgTemplateVector@M@@QEBA?AV0@AEBV0@@Z 0000000180008aa0 f i Newton.obj
 0001:00007b10       ??H?$dgTemplateVector@M@@QEBA?AV0@AEBV0@@Z 0000000180008b10 f i Newton.obj
 0001:00007b50       ??G?$dgTemplateVector@M@@QEBA?AV0@AEBV0@@Z 0000000180008b50 f i Newton.obj
 0001:00007b90       ?DefaultAllocMemory@Newton@@SAPEAXH@Z 0000000180008b90 f   NewtonClass.obj
 0001:00007ba0       ?__free__@dgGlobalAllocator@@SAXQEAXI@Z 0000000180008ba0 f   core:dgMemory.obj
 0001:00007ba0       ?DefaultFreeMemory@Newton@@SAXPEAXH@Z 0000000180008ba0 f   NewtonClass.obj
 0001:00007bb0       ??_ENewton@@UEAAPEAXI@Z    0000000180008bb0 f i * CIL library *:* CIL module *
 0001:00007bb0       ??_GNewton@@UEAAPEAXI@Z    0000000180008bb0 f i NewtonClass.obj
 0001:00007c80       ?UpdatePhysics@Newton@@QEAAXM@Z 0000000180008c80 f   NewtonClass.obj
 0001:00007e60       ??_GNewtonUserJoint@@UEAAPEAXI@Z 0000000180008e60 f i NewtonClass.obj
 0001:00007e60       ??_ENewtonUserJoint@@UEAAPEAXI@Z 0000000180008e60 f i * CIL library *:* CIL module *
 0001:00007f10       ?JacobianDerivative@NewtonUserJoint@@UEAAIAEAVdgContraintDescritor@@@Z 0000000180008f10 f   NewtonClass.obj
 0001:00007f50       ?GetInfo@NewtonUserJoint@@UEBAXQEAVdgConstraintInfo@@@Z 0000000180008f50 f   NewtonClass.obj
 0001:00007fa0       ?Insert@?$dgTree@PEAVdgBody@@PEAX@@QEAAPEAVdgTreeNode@1@AEBQEAVdgBody@@PEAX@Z 0000000180008fa0 f i NewtonClass.obj
 0001:00007fa0       ?Insert@?$dgTree@PEAVdgConstraint@@PEAX@@QEAAPEAVdgTreeNode@1@AEBQEAVdgConstraint@@PEAX@Z 0000000180008fa0 f i NewtonClass.obj
 0001:00008088       ??_ENewton@@WDBBA@EAAPEAXI@Z 0000000180009088 f i NewtonClass.obj
 0001:00008094       ??_ENewton@@WDBDA@EAAPEAXI@Z 0000000180009094 f i NewtonClass.obj
 0001:000080a0       ??_ENewton@@WDA@EAAPEAXI@Z 00000001800090a0 f i NewtonClass.obj
 0001:000080ac       ??_ENewton@@WFA@EAAPEAXI@Z 00000001800090ac f i NewtonClass.obj
 0001:000080b8       ??_ENewton@@WHA@EAAPEAXI@Z 00000001800090b8 f i NewtonClass.obj
 0001:000080d0       ?__malloc__@dgGlobalAllocator@@SAPEAXI@Z 00000001800090d0 f i core:dgMemory.obj
 0001:000080e0       ??_EdgGlobalAllocator@@UEAAPEAXI@Z 00000001800090e0 f i * CIL library *:* CIL module *
 0001:000080e0       ??_GdgGlobalAllocator@@UEAAPEAXI@Z 00000001800090e0 f i core:dgMemory.obj
 0001:00008150       ??1dgMemoryAllocator@@QEAA@XZ 0000000180009150 f   core:dgMemory.obj
 0001:000081e0       ?Malloc@dgMemoryAllocator@@QEAAPEAXH@Z 00000001800091e0 f   core:dgMemory.obj
 0001:00008370       ?Free@dgMemoryAllocator@@QEAAXQEAX@Z 0000000180009370 f   core:dgMemory.obj
 0001:000084b0       ??1?$dgList@PEAVdgConstructionTree@dgAABBTree@@@@UEAA@XZ 00000001800094b0 f i core:dgAABBPolygonSoup.obj
 0001:000084b0       ??1?$dgList@PEAVdgMemoryAllocator@@@@UEAA@XZ 00000001800094b0 f i core:dgMemory.obj
 0001:000084b0       ??1?$dgList@PEAVdgNode@dgCollisionScene@@@@UEAA@XZ 00000001800094b0 f i physics:dgCollisionScene.obj
 0001:000084b0       ??1?$dgList@PEAVdgContact@@@@UEAA@XZ 00000001800094b0 f i physics:dgWorld.obj
 0001:000084b0       ??1?$dgList@H@@UEAA@XZ     00000001800094b0 f i physics:dgMeshEffect2.obj
 0001:000084b0       ??1?$dgList@PEAVdgProxy@dgCollisionScene@@@@UEAA@XZ 00000001800094b0 f i physics:dgCollisionScene.obj
 0001:000084b0       ??1?$dgList@PEAVdgListNode@?$dgList@VdgConvexHull4dTetraherum@@@@@@UEAA@XZ 00000001800094b0 f i core:dgConvexHull4d.obj
 0001:00008560       ??_E?$dgList@PEAVdgConstructionTree@dgAABBTree@@@@UEAAPEAXI@Z 0000000180009560 f i * CIL library *:* CIL module *
 0001:00008560       ??_G?$dgList@PEAVdgMemoryAllocator@@@@UEAAPEAXI@Z 0000000180009560 f i core:dgMemory.obj
 0001:00008560       ??_E?$dgList@PEAVdgListNode@?$dgList@VdgConvexHull4dTetraherum@@@@@@UEAAPEAXI@Z 0000000180009560 f i * CIL library *:* CIL module *
 0001:00008560       ??_E?$dgList@PEAVdgContact@@@@UEAAPEAXI@Z 0000000180009560 f i * CIL library *:* CIL module *
 0001:00008560       ??_G?$dgList@PEAVdgConstructionTree@dgAABBTree@@@@UEAAPEAXI@Z 0000000180009560 f i core:dgAABBPolygonSoup.obj
 0001:00008560       ??_G?$dgList@PEAVdgListNode@?$dgList@VdgConvexHull4dTetraherum@@@@@@UEAAPEAXI@Z 0000000180009560 f i core:dgConvexHull4d.obj
 0001:00008560       ??_G?$dgList@PEAVdgContact@@@@UEAAPEAXI@Z 0000000180009560 f i physics:dgWorld.obj
 0001:00008560       ??_E?$dgList@H@@UEAAPEAXI@Z 0000000180009560 f i * CIL library *:* CIL module *
 0001:00008560       ??_E?$dgList@PEAVdgProxy@dgCollisionScene@@@@UEAAPEAXI@Z 0000000180009560 f i * CIL library *:* CIL module *
 0001:00008560       ??_E?$dgList@PEAVdgMemoryAllocator@@@@UEAAPEAXI@Z 0000000180009560 f i * CIL library *:* CIL module *
 0001:00008560       ??_G?$dgList@PEAVdgProxy@dgCollisionScene@@@@UEAAPEAXI@Z 0000000180009560 f i physics:dgCollisionScene.obj
 0001:00008560       ??_E?$dgList@PEAVdgNode@dgCollisionScene@@@@UEAAPEAXI@Z 0000000180009560 f i * CIL library *:* CIL module *
 0001:00008560       ??_G?$dgList@PEAVdgNode@dgCollisionScene@@@@UEAAPEAXI@Z 0000000180009560 f i physics:dgCollisionScene.obj
 0001:00008560       ??_G?$dgList@H@@UEAAPEAXI@Z 0000000180009560 f i physics:dgMeshEffect2.obj
 0001:000085c0       ?DestroydgThreads@dgThreads@@QEAAXXZ 00000001800095c0 f   core:dgThreads.obj
 0001:000086d0       ?SubmitJob@dgThreads@@QEAAHQEAVdgWorkerThread@@@Z 00000001800096d0 f   core:dgThreads.obj
 0001:00008780       ?ThreadExecute@dgThreads@@CAIPEAX@Z 0000000180009780 f   core:dgThreads.obj
 0001:00008900       ??0dgMatrix@@QEAA@AEBVdgQuaternion@@AEBVdgVector@@@Z 0000000180009900 f   core:dgMatrix.obj
 0001:00008aa0       ??DdgMatrix@@QEBA?AV0@AEBV0@@Z 0000000180009aa0 f   core:dgMatrix.obj
 0001:00008ed0       ?TransformTriplex@dgMatrix@@QEBAXQEAMHQEBMHH@Z 0000000180009ed0 f   core:dgMatrix.obj
 0001:000092c0       ?TransformTriplex@dgMatrix@@QEBAXQEANHQEBNHH@Z 000000018000a2c0 f   core:dgMatrix.obj
 0001:00009800       ?TransformTriplex@dgMatrix@@QEBAXQEANHQEBMHH@Z 000000018000a800 f   core:dgMatrix.obj
 0001:00009d30       ?Inverse4x4@dgMatrix@@QEBA?AV1@XZ 000000018000ad30 f   core:dgMatrix.obj
 0001:0000a080       ?Symetric3by3Inverse@dgMatrix@@QEBA?AV1@XZ 000000018000b080 f   core:dgMatrix.obj
 0001:0000a2b0       ?CalcPitchYawRoll@dgMatrix@@QEBA?AVdgVector@@XZ 000000018000b2b0 f   core:dgMatrix.obj
 0001:0000a3c0       ??_GdgPolyhedra@@UEAAPEAXI@Z 000000018000b3c0 f i core:dgPolyhedra.obj
 0001:0000a3c0       ??_GdgPolySoupFilterAllocator@@UEAAPEAXI@Z 000000018000b3c0 f i core:dgPolygonSoupBuilder.obj
 0001:0000a3c0       ??_EdgPolyhedra@@UEAAPEAXI@Z 000000018000b3c0 f i * CIL library *:* CIL module *
 0001:0000a3c0       ??_EdgPolySoupFilterAllocator@@UEAAPEAXI@Z 000000018000b3c0 f i * CIL library *:* CIL module *
 0001:0000a420       ??0dgPolyhedra@@QEAA@AEBV0@@Z 000000018000b420 f   core:dgPolyhedra.obj
 0001:0000a660       ?AddFace@dgPolyhedra@@QEAAPEAVdgEdge@@HQEBHQEB_J@Z 000000018000b660 f   core:dgPolyhedra.obj
 0001:0000aa70       ?EndFace@dgPolyhedra@@QEAAXXZ 000000018000ba70 f   core:dgPolyhedra.obj
 0001:0000ae50       ?DeleteFace@dgPolyhedra@@QEAAXQEAVdgEdge@@@Z 000000018000be50 f   core:dgPolyhedra.obj
 0001:0000afe0       ?FaceNormal@dgPolyhedra@@QEBA?AVdgBigVector@@QEAVdgEdge@@QEBNH@Z 000000018000bfe0 f   core:dgPolyhedra.obj
 0001:0000b160       ?AddHalfEdge@dgPolyhedra@@QEAAPEAVdgEdge@@HH@Z 000000018000c160 f   core:dgPolyhedra.obj
 0001:0000b1e0       ?DeleteEdge@dgPolyhedra@@QEAAXQEAVdgEdge@@@Z 000000018000c1e0 f   core:dgPolyhedra.obj
 0001:0000b2b0       ?FlipEdge@dgPolyhedra@@QEAA_NQEAVdgEdge@@@Z 000000018000c2b0 f   core:dgPolyhedra.obj
 0001:0000b480       ?GetConectedSurface@dgPolyhedra@@QEBA_NAEAV1@@Z 000000018000c480 f   core:dgPolyhedra.obj
 0001:0000b670       ?DeleteDegenerateFaces@dgPolyhedra@@QEAAXQEBNHN@Z 000000018000c670 f   core:dgPolyhedra.obj
 0001:0000c1a0       ?EdgePenalty@dgPolyhedra@@AEBANQEBVdgBigVector@@QEAVdgEdge@@@Z 000000018000d1a0 f   core:dgPolyhedra.obj
 0001:0000cf40       ?Optimize@dgPolyhedra@@QEAAXQEBNHN@Z 000000018000df40 f   core:dgPolyhedra.obj
 0001:0000de40       ?FindEarTip@dgPolyhedra@@AEBAPEAVdgEdge@@QEAV2@QEBNHAEAV?$dgDownHeap@PEAVdgEdge@@N@@AEBVdgBigVector@@@Z 000000018000ee40 f   core:dgPolyhedra.obj
 0001:0000e520       ?TriangulateFace@dgPolyhedra@@AEAAPEAVdgEdge@@PEAV2@QEBNHAEAV?$dgDownHeap@PEAVdgEdge@@N@@QEAVdgBigVector@@@Z 000000018000f520 f   core:dgPolyhedra.obj
 0001:0000e9b0       ?MarkAdjacentCoplanarFaces@dgPolyhedra@@AEAAXAEAV1@QEAVdgEdge@@QEBNH@Z 000000018000f9b0 f   core:dgPolyhedra.obj
 0001:0000efe0       ?RefineTriangulation@dgPolyhedra@@AEAAXQEBNHQEAVdgBigVector@@HQEAPEAVdgEdge@@@Z 000000018000ffe0 f   core:dgPolyhedra.obj
 0001:0000fc80       ?RefineTriangulation@dgPolyhedra@@AEAAXQEBNH@Z 0000000180010c80 f   core:dgPolyhedra.obj
 0001:0000fde0       ?OptimizeTriangulation@dgPolyhedra@@AEAAXQEBNH@Z 0000000180010de0 f   core:dgPolyhedra.obj
 0001:00010110       ?Triangulate@dgPolyhedra@@QEAAXQEBNHQEAV1@@Z 0000000180011110 f   core:dgPolyhedra.obj
 0001:00010c10       ?ConvexPartition@dgPolyhedra@@QEAAXQEBNHQEAV1@@Z 0000000180011c10 f   core:dgPolyhedra.obj
 0001:00011850       ?CalculateSphere@dgPolyhedra@@QEBA?AVdgSphere@@QEBNHQEBVdgMatrix@@@Z 0000000180012850 f   core:dgPolyhedra.obj
 0001:00012230       ??_EdgListNode@?$dgList@UdgEdgeCollapseEdgeHandle@@@@EEAAPEAXI@Z 0000000180013230 f i * CIL library *:* CIL module *
 0001:00012230       ??_GdgListNode@?$dgList@UdgEdgeCollapseEdgeHandle@@@@EEAAPEAXI@Z 0000000180013230 f i core:dgPolyhedra.obj
 0001:000122a0       ??_GdgTreeNode@?$dgTree@VdgEdge@@_J@@EEAAPEAXI@Z 00000001800132a0 f i core:dgPolyhedra.obj
 0001:000122a0       ??_EdgTreeNode@?$dgTree@VdgEdge@@_J@@EEAAPEAXI@Z 00000001800132a0 f i * CIL library *:* CIL module *
 0001:000122f0       ??0?$dgTemplateVector@N@@QEAA@NNNN@Z 00000001800132f0 f i core:dgPolyhedra.obj
 0001:00012310       ?Scale@?$dgTemplateVector@N@@QEBA?AV1@N@Z 0000000180013310 f i core:dgPolyhedra.obj
 0001:00012340       ??G?$dgTemplateVector@N@@QEBA?AV0@AEBV0@@Z 0000000180013340 f i core:dgPolyhedra.obj
 0001:00012380       ??Y?$dgTemplateVector@N@@QEAAAEAV0@AEBV0@@Z 0000000180013380 f i core:dgPolyhedra.obj
 0001:000123b0       ??L?$dgTemplateVector@N@@QEBANAEBV0@@Z 00000001800133b0 f i core:dgPolyhedra.obj
 0001:000123e0       ??D?$dgTemplateVector@N@@QEBA?AV0@AEBV0@@Z 00000001800133e0 f i core:dgPolyhedra.obj
 0001:00012450       ?Insert@?$dgTree@VdgEdge@@_J@@QEAAPEAVdgTreeNode@1@AEBVdgEdge@@_JAEA_N@Z 0000000180013450 f i core:dgPolyhedra.obj
 0001:00012550       ?ReplaceKey@?$dgTree@VdgEdge@@_J@@QEAAPEAVdgTreeNode@1@QEAV21@_J@Z 0000000180013550 f i core:dgPolyhedra.obj
 0001:00012610       ??_G?$dgTree@VdgEdge@@_J@@UEAAPEAXI@Z 0000000180013610 f i core:dgPolyhedra.obj
 0001:00012610       ??_E?$dgTree@VdgEdge@@_J@@UEAAPEAXI@Z 0000000180013610 f i * CIL library *:* CIL module *
 0001:00012610       ??_G?$dgTree@PEBVdgNodeBase@dgCollisionCompound@@PEBV12@@@UEAAPEAXI@Z 0000000180013610 f i physics:dgCollisionCompound.obj
 0001:00012610       ??_E?$dgTree@PEBVdgNodeBase@dgCollisionCompound@@PEBV12@@@UEAAPEAXI@Z 0000000180013610 f i * CIL library *:* CIL module *
 0001:00012670       ?RemoveAll@?$dgTree@PEBVdgNodeBase@dgCollisionCompound@@PEBV12@@@QEAAXXZ 0000000180013670 f i physics:dgCollisionCompound.obj
 0001:00012670       ?RemoveAll@?$dgTree@VdgEdge@@_J@@QEAAXXZ 0000000180013670 f i core:dgPolyhedra.obj
 0001:000126f0       ?InsertFixup@dgRedBackNode@@QEAAXQEAPEAV1@@Z 00000001800136f0 f   core:dgTree.obj
 0001:00012930       ?RemoveFixup@dgRedBackNode@@QEAAXQEAV1@QEAPEAV1@@Z 0000000180013930 f   core:dgTree.obj
 0001:00012c90       ?Unlink@dgRedBackNode@@QEAAXQEAPEAV1@@Z 0000000180013c90 f   core:dgTree.obj
 0001:00012de0       ?RemoveAllLow@dgRedBackNode@@QEAAXXZ 0000000180013de0 f   core:dgTree.obj
 0001:00012e20       ?GetMinMax@@YAXAEAVdgBigVector@@0QEBNHH@Z 0000000180013e20 f   core:dgTypes.obj
 0001:00014090       ?dgVertexListToIndexList@@YAHQEANHHHQEAHN@Z 0000000180015090 f   core:dgTypes.obj
 0001:00014350       ?dgVertexListToIndexList@@YAHQEAMHHHHQEAHM@Z 0000000180015350 f   core:dgTypes.obj
 0001:00014730       ?Determinant3x3@@YANQEAY02$$CBNQEAN@Z 0000000180015730 f   core:dgSmallDeterminant.obj
 0001:000148b0       ?Determinant3x3@@YA?AVdgGoogol@@QEAY02$$CBV1@@Z 00000001800158b0 f   core:dgSmallDeterminant.obj
 0001:00014ba0       ?Determinant4x4@@YA?AVdgGoogol@@QEAY03$$CBV1@@Z 0000000180015ba0 f   core:dgSmallDeterminant.obj
 0001:00014f00       ??Y?$dgTemplateVector@M@@QEAAAEAV0@AEBV0@@Z 0000000180015f00 f i core:dgSphere.obj
 0001:00014f30       ?CompProduct@?$dgTemplateVector@M@@QEBA?AV1@AEBV1@@Z 0000000180015f30 f i core:dgSphere.obj
 0001:00014f70       ??0dgGoogol@@QEAA@N@Z      0000000180015f70 f   core:dgGoogol.obj
 0001:00014ff0       ?GetAproximateValue@dgGoogol@@QEBANXZ 0000000180015ff0 f   core:dgGoogol.obj
 0001:00015060       ?ShiftRightMantissa@dgGoogol@@AEBAXQEA_KH@Z 0000000180016060 f   core:dgGoogol.obj
 0001:00015130       ?LeadinZeros@dgGoogol@@AEBAH_K@Z 0000000180016130 f   core:dgGoogol.obj
 0001:00015250       ??HdgGoogol@@QEBA?AV0@AEBV0@@Z 0000000180016250 f   core:dgGoogol.obj
 0001:00015660       ?ScaleMantissa@dgGoogol@@AEBAXQEA_K_K@Z 0000000180016660 f   core:dgGoogol.obj
 0001:00015880       ??DdgGoogol@@QEBA?AV0@AEBV0@@Z 0000000180016880 f   core:dgGoogol.obj
 0001:00015bb0       ??KdgGoogol@@QEBA?AV0@AEBV0@@Z 0000000180016bb0 f   core:dgGoogol.obj
 0001:00015e70       __local_stdio_printf_options 0000000180016e70 f i physics:dgWorld.obj
 0001:00015e80       sprintf                    0000000180016e80 f i physics:dgWorld.obj
 0001:00015ee0       ??_EdgWorkerThread@@UEAAPEAXI@Z 0000000180016ee0 f i * CIL library *:* CIL module *
 0001:00015ee0       ??_GdgWorkerThread@@UEAAPEAXI@Z 0000000180016ee0 f i physics:dgWorld.obj
 0001:00015f10       ?ModifierGetMatrix@dgCollision@@UEBA?AVdgMatrix@@XZ 0000000180016f10 f i physics:dgWorld.obj
 0001:00015f40       ?Release@dgCollision@@UEAAHXZ 0000000180016f40 f i physics:dgWorld.obj
 0001:00015f70       ?GetBreakImpulse@dgCollision@@UEBAMXZ 0000000180016f70 f i physics:dgWorld.obj
 0001:00015f80       ?IsBilateral@dgUpVectorConstraint@@UEBA_NXZ 0000000180016f80 f i physics:dgUpVectorConstraint.obj
 0001:00015f80       ?IsTriggerVolume@dgCollision@@UEBA_NXZ 0000000180016f80 f i physics:dgCollisionCompoundBreakable.obj
 0001:00015f80       ?IsBilateral@dgConstraint@@MEBA_NXZ 0000000180016f80 f i physics:dgConstraint.obj
 0001:00015f80       ?IsEdgeIntersection@dgCollision@@UEBA_NXZ 0000000180016f80 f i physics:dgWorld.obj
 0001:00015f90       ??_EdgCollisionSphere@@UEAAPEAXI@Z 0000000180016f90 f i * CIL library *:* CIL module *
 0001:00015f90       ??_GdgCollisionPoint@@UEAAPEAXI@Z 0000000180016f90 f i physics:dgWorld.obj
 0001:00015f90       ??_GdgCollisionSphere@@UEAAPEAXI@Z 0000000180016f90 f i physics:dgCollisionSphere.obj
 0001:00015f90       ??_EdgCollisionPoint@@UEAAPEAXI@Z 0000000180016f90 f i * CIL library *:* CIL module *
 0001:00015ff0       ??0dgWorld@@QEAA@QEAVdgMemoryAllocator@@@Z 0000000180016ff0 f   physics:dgWorld.obj
 0001:000169d0       ??_GdgWorld@@UEAAPEAXI@Z   00000001800179d0 f i physics:dgWorld.obj
 0001:000169d0       ??_EdgWorld@@UEAAPEAXI@Z   00000001800179d0 f i * CIL library *:* CIL module *
 0001:00016a30       ??1dgWorldDynamicUpdate@@QEAA@XZ 0000000180017a30 f i physics:dgWorld.obj
 0001:00016ca0       ??1dgWorld@@UEAA@XZ        0000000180017ca0 f   physics:dgWorld.obj
 0001:00016fc0       ?SetThreadsCount@dgWorld@@QEAAXH@Z 0000000180017fc0 f   physics:dgWorld.obj
 0001:000170e0       ?RemoveAllGroupID@dgWorld@@QEAAXXZ 00000001800180e0 f   physics:dgWorld.obj
 0001:00017160       ?DestroyAllBodies@dgWorld@@QEAAXXZ 0000000180018160 f   physics:dgWorld.obj
 0001:00017280       ?CreateBody@dgWorld@@QEAAPEAVdgBody@@QEAVdgCollision@@AEBVdgMatrix@@@Z 0000000180018280 f   physics:dgWorld.obj
 0001:000175e0       ?DestroyBody@dgWorld@@QEAAXQEAVdgBody@@@Z 00000001800185e0 f   physics:dgWorld.obj
 0001:000176c0       ?DestroyConstraint@dgWorld@@QEAAXPEAVdgConstraint@@@Z 00000001800186c0 f   physics:dgWorld.obj
 0001:00017860       ?UpdateCollision@dgWorld@@QEAAXXZ 0000000180018860 f   physics:dgWorld.obj
 0001:00017930       ?Update@dgWorld@@QEAAXM@Z  0000000180018930 f   physics:dgWorld.obj
 0001:00017a90       ?CreateBallConstraint@dgWorld@@QEAAPEAVdgBallConstraint@@AEBVdgVector@@QEAVdgBody@@PEAV4@@Z 0000000180018a90 f   physics:dgWorld.obj
 0001:00017bc0       ?CreateHingeConstraint@dgWorld@@QEAAPEAVdgHingeConstraint@@AEBVdgVector@@0QEAVdgBody@@PEAV4@@Z 0000000180018bc0 f   physics:dgWorld.obj
 0001:00017c90       ?CreateUpVectorConstraint@dgWorld@@QEAAPEAVdgUpVectorConstraint@@AEBVdgVector@@PEAVdgBody@@@Z 0000000180018c90 f   physics:dgWorld.obj
 0001:00017d60       ?CreateSlidingConstraint@dgWorld@@QEAAPEAVdgSlidingConstraint@@AEBVdgVector@@0QEAVdgBody@@PEAV4@@Z 0000000180018d60 f   physics:dgWorld.obj
 0001:00017e30       ?CreateCorkscrewConstraint@dgWorld@@QEAAPEAVdgCorkscrewConstraint@@AEBVdgVector@@0QEAVdgBody@@PEAV4@@Z 0000000180018e30 f   physics:dgWorld.obj
 0001:00017f00       ?CreateUniversalConstraint@dgWorld@@QEAAPEAVdgUniversalConstraint@@AEBVdgVector@@00QEAVdgBody@@PEAV4@@Z 0000000180018f00 f   physics:dgWorld.obj
 0001:00017fc0       ?BodySetMatrix@dgWorld@@QEAAXPEAVdgBody@@AEBVdgMatrix@@@Z 0000000180018fc0 f   physics:dgWorld.obj
 0001:00018310       ?AddBodyImpulse@dgWorld@@QEAAXPEAVdgBody@@AEBVdgVector@@1@Z 0000000180019310 f   physics:dgWorld.obj
 0001:00018340       ?ApplyImpulseArray@dgWorld@@QEAAXPEAVdgBody@@HHQEBM1@Z 0000000180019340 f   physics:dgWorld.obj
 0001:00018380       ?FlushCache@dgWorld@@QEAAXXZ 0000000180019380 f   physics:dgWorld.obj
 0001:000185e4       ??_EdgWorld@@WDA@EAAPEAXI@Z 00000001800195e4 f i physics:dgWorld.obj
 0001:000185f0       ??_EdgWorld@@WFA@EAAPEAXI@Z 00000001800195f0 f i physics:dgWorld.obj
 0001:000185fc       ??_EdgWorld@@WHA@EAAPEAXI@Z 00000001800195fc f i physics:dgWorld.obj
 0001:00018610       ?ApplyExtenalForces@dgBody@@AEAAXMH@Z 0000000180019610 f i physics:dgBroadPhaseCollision.obj
 0001:00018640       ??_EdgSortArray@@UEAAPEAXI@Z 0000000180019640 f i * CIL library *:* CIL module *
 0001:00018640       ??_GdgBodyMasterListRow@@UEAAPEAXI@Z 0000000180019640 f i physics:dgBodyMasterList.obj
 0001:00018640       ??_EdgBodyMasterListRow@@UEAAPEAXI@Z 0000000180019640 f i * CIL library *:* CIL module *
 0001:00018640       ??_GdgSortArray@@UEAAPEAXI@Z 0000000180019640 f i physics:dgBroadPhaseCollision.obj
 0001:000186a0       ?Add@dgSortArray@@QEAAXQEAVdgBody@@@Z 00000001800196a0 f   physics:dgBroadPhaseCollision.obj
 0001:00018790       ?Remove@dgSortArray@@QEAAXQEAVdgBody@@@Z 0000000180019790 f   physics:dgBroadPhaseCollision.obj
 0001:00018830       ?Sort@dgSortArray@@QEAAMXZ 0000000180019830 f   physics:dgBroadPhaseCollision.obj
 0001:000189c0       ?RayCast@dgSortArray@@QEBAMMAEBUdgLineBox@@P6AMQEBVdgBody@@AEBVdgVector@@HQEAXM@ZP6AI1QEBVdgCollision@@3@Z3@Z 00000001800199c0 f   physics:dgBroadPhaseCollision.obj
 0001:00018ab0       ?Init@dgBroadPhaseCell@@AEAAXHPEAVdgMemoryAllocator@@@Z 0000000180019ab0 f   physics:dgBroadPhaseCollision.obj
 0001:00018b20       ?Add@dgBroadPhaseCell@@AEAAXQEAVdgBody@@@Z 0000000180019b20 f   physics:dgBroadPhaseCollision.obj
 0001:00018b70       ?Remove@dgBroadPhaseCell@@AEAAXQEAVdgBody@@@Z 0000000180019b70 f   physics:dgBroadPhaseCollision.obj
 0001:00018bc0       ??0dgBroadPhaseLayer@@QEAA@XZ 0000000180019bc0 f   physics:dgBroadPhaseCollision.obj
 0001:00018bf0       ??_EdgBroadPhaseLayer@@UEAAPEAXI@Z 0000000180019bf0 f i * CIL library *:* CIL module *
 0001:00018bf0       ??_GdgBroadPhaseLayer@@UEAAPEAXI@Z 0000000180019bf0 f i physics:dgBroadPhaseCollision.obj
 0001:00018c50       ?Init@dgBroadPhaseLayer@@AEAAXQEAVdgWorld@@MH@Z 0000000180019c50 f   physics:dgBroadPhaseCollision.obj
 0001:00018c70       ?FindCreate@dgBroadPhaseLayer@@AEAAPEAVdgBroadPhaseCell@@HH@Z 0000000180019c70 f   physics:dgBroadPhaseCollision.obj
 0001:00018ef0       ??0dgBroadPhaseCollision@@AEAA@PEAVdgMemoryAllocator@@@Z 0000000180019ef0 f   physics:dgBroadPhaseCollision.obj
 0001:00019350       ??_EdgBroadPhaseMaterialCallbackWorkerThread@@UEAAPEAXI@Z 000000018001a350 f i * CIL library *:* CIL module *
 0001:00019350       ??_EdgBroadPhaseApplyExternalForce@@UEAAPEAXI@Z 000000018001a350 f i * CIL library *:* CIL module *
 0001:00019350       ??_GdgBroadPhaseMaterialCallbackWorkerThread@@UEAAPEAXI@Z 000000018001a350 f i physics:dgBroadPhaseCollision.obj
 0001:00019350       ??_GdgBroadPhaseApplyExternalForce@@UEAAPEAXI@Z 000000018001a350 f i physics:dgBroadPhaseCollision.obj
 0001:00019380       ??_EdgBroadPhaseCellPairsWorkerThread@@UEAAPEAXI@Z 000000018001a380 f i * CIL library *:* CIL module *
 0001:00019380       ??_GdgBroadPhaseCalculateContactsWorkerThread@@UEAAPEAXI@Z 000000018001a380 f i physics:dgBroadPhaseCollision.obj
 0001:00019380       ??_EdgBroadPhaseCalculateContactsWorkerThread@@UEAAPEAXI@Z 000000018001a380 f i * CIL library *:* CIL module *
 0001:00019380       ??_GdgBroadPhaseCellPairsWorkerThread@@UEAAPEAXI@Z 000000018001a380 f i physics:dgBroadPhaseCollision.obj
 0001:00019380       ??_EdgParallelSolverBodyInertia@@UEAAPEAXI@Z 000000018001a380 f i * CIL library *:* CIL module *
 0001:00019380       ??_GdgParallelSolverBodyInertia@@UEAAPEAXI@Z 000000018001a380 f i physics:dgWorldDynamicUpdate.obj
 0001:000193b0       ??1dgBroadPhaseCollision@@AEAA@XZ 000000018001a3b0 f   physics:dgBroadPhaseCollision.obj
 0001:00019580       ?SetWorldSize@dgBroadPhaseCollision@@QEAAXAEBVdgVector@@0@Z 000000018001a580 f   physics:dgBroadPhaseCollision.obj
 0001:00019990       ?Add@dgBroadPhaseCollision@@AEAAXQEAVdgBody@@@Z 000000018001a990 f   physics:dgBroadPhaseCollision.obj
 0001:00019a00       ?Remove@dgBroadPhaseCollision@@AEAAXQEAVdgBody@@@Z 000000018001aa00 f   physics:dgBroadPhaseCollision.obj
 0001:00019ac0       ?UpdatePairs@dgBroadPhaseCollision@@AEBAXAEAVdgBroadPhaseCell@@0H@Z 000000018001aac0 f   physics:dgBroadPhaseCollision.obj
 0001:00019d20       ?ForEachBodyInAABB@dgBroadPhaseCollision@@QEBAXAEBVdgVector@@0P6AXPEAVdgBody@@QEAX@Z2@Z 000000018001ad20 f   physics:dgBroadPhaseCollision.obj
 0001:0001a050       ?ConvexCast@dgBroadPhaseCollision@@QEBAHQEAVdgCollision@@AEBVdgMatrix@@AEBVdgVector@@AEAMP6AIQEBVdgBody@@QEBV2@QEAX@Z6QEAVdgConvexCastReturnInfo@@HH@Z 000000018001b050 f   physics:dgBroadPhaseCollision.obj
 0001:0001abe0       ?Realloc@dgBroadPhaseCalculateContactsWorkerThread@@QEAAXHHH@Z 000000018001bbe0 f   physics:dgBroadPhaseCollision.obj
 0001:0001ad80       ?ThreadExecute@dgBroadPhaseCellPairsWorkerThread@@UEAAXXZ 000000018001bd80 f   physics:dgBroadPhaseCollision.obj
 0001:0001afa0       ?ThreadExecute@dgBroadPhaseApplyExternalForce@@UEAAXXZ 000000018001bfa0 f   physics:dgBroadPhaseCollision.obj
 0001:0001b500       ?ThreadExecute@dgBroadPhaseCalculateContactsWorkerThread@@UEAAXXZ 000000018001c500 f   physics:dgBroadPhaseCollision.obj
 0001:0001b6d0       ?ThreadExecute@dgBroadPhaseMaterialCallbackWorkerThread@@UEAAXXZ 000000018001c6d0 f   physics:dgBroadPhaseCollision.obj
 0001:0001b910       ?RayCast@dgBroadPhaseCollision@@QEBAXAEBVdgVector@@0P6AMQEBVdgBody@@0HQEAXM@ZP6AI1QEBVdgCollision@@2@Z2@Z 000000018001c910 f   physics:dgBroadPhaseCollision.obj
 0001:0001c0d0       ?UpdateBodyBroadphase@dgBroadPhaseCollision@@AEAAXQEAVdgBody@@H@Z 000000018001d0d0 f   physics:dgBroadPhaseCollision.obj
 0001:0001c5d0       ?UpdateContactsBroadPhaseBegin@dgBroadPhaseCollision@@AEAAIM_NI@Z 000000018001d5d0 f   physics:dgBroadPhaseCollision.obj
 0001:0001d2d0       ?UpdateContactsBroadPhaseEnd@dgBroadPhaseCollision@@AEAAXM@Z 000000018001e2d0 f   physics:dgBroadPhaseCollision.obj
 0001:0001d550       ?UpdateContactsSimd@dgBroadPhaseCollision@@AEAAXM_N@Z 000000018001e550 f   physics:dgBroadPhaseCollision.obj
 0001:0001d7d0       ?UpdateContacts@dgBroadPhaseCollision@@AEAAXM_N@Z 000000018001e7d0 f   physics:dgBroadPhaseCollision.obj
 0001:0001da60       ??_EdgTreeNode@?$dgTree@VdgBroadPhaseCell@@I@@EEAAPEAXI@Z 000000018001ea60 f i * CIL library *:* CIL module *
 0001:0001da60       ??_GdgTreeNode@?$dgTree@VdgBroadPhaseCell@@I@@EEAAPEAXI@Z 000000018001ea60 f i physics:dgBroadPhaseCollision.obj
 0001:0001db10       ??Z?$dgTemplateVector@M@@QEAAAEAV0@AEBV0@@Z 000000018001eb10 f i physics:dgBroadPhaseCollision.obj
 0001:0001db40       ??1?$dgList@VdgSortArrayEntry@@@@UEAA@XZ 000000018001eb40 f i physics:dgBroadPhaseCollision.obj
 0001:0001db40       ??1?$dgList@V?$dgGraphEdge@VdgDebriNodeInfo@dgCollisionCompoundBreakable@@VdgSharedNodeMesh@2@@@@@UEAA@XZ 000000018001eb40 f i physics:dgCollisionCompoundBreakable.obj
 0001:0001db40       ??1?$dgList@VdgBodyMasterListCell@@@@UEAA@XZ 000000018001eb40 f i physics:dgBodyMasterList.obj
 0001:0001dbf0       ??_E?$dgList@VdgSortArrayEntry@@@@UEAAPEAXI@Z 000000018001ebf0 f i * CIL library *:* CIL module *
 0001:0001dbf0       ??_G?$dgList@V?$dgGraphEdge@VdgDebriNodeInfo@dgCollisionCompoundBreakable@@VdgSharedNodeMesh@2@@@@@UEAAPEAXI@Z 000000018001ebf0 f i physics:dgCollisionCompoundBreakable.obj
 0001:0001dbf0       ??_G?$dgList@VdgSortArrayEntry@@@@UEAAPEAXI@Z 000000018001ebf0 f i physics:dgBroadPhaseCollision.obj
 0001:0001dbf0       ??_E?$dgList@VdgBodyMasterListCell@@@@UEAAPEAXI@Z 000000018001ebf0 f i * CIL library *:* CIL module *
 0001:0001dbf0       ??_E?$dgList@V?$dgGraphEdge@VdgDebriNodeInfo@dgCollisionCompoundBreakable@@VdgSharedNodeMesh@2@@@@@UEAAPEAXI@Z 000000018001ebf0 f i * CIL library *:* CIL module *
 0001:0001dbf0       ??_G?$dgList@VdgBodyMasterListCell@@@@UEAAPEAXI@Z 000000018001ebf0 f i physics:dgBodyMasterList.obj
 0001:0001dc50       ?AddDamingAcceleration@dgBody@@AEAAXXZ 000000018001ec50 f i physics:dgWorldDynamicUpdate.obj
 0001:0001de80       ??0dgWorldDynamicUpdate@@AEAA@XZ 000000018001ee80 f   physics:dgWorldDynamicUpdate.obj
 0001:0001e4c0       ??_EdgParallelSolverUpdateForce@@UEAAPEAXI@Z 000000018001f4c0 f i * CIL library *:* CIL module *
 0001:0001e4c0       ??_GdgParallelSolverUpdateForce@@UEAAPEAXI@Z 000000018001f4c0 f i physics:dgWorldDynamicUpdate.obj
 0001:0001e4c0       ??_EdgSolverWorlkerThreads@@UEAAPEAXI@Z 000000018001f4c0 f i * CIL library *:* CIL module *
 0001:0001e4c0       ??_GdgParallelSolverUpdateVeloc@@UEAAPEAXI@Z 000000018001f4c0 f i physics:dgWorldDynamicUpdate.obj
 0001:0001e4c0       ??_EdgParallelSolverUpdateVeloc@@UEAAPEAXI@Z 000000018001f4c0 f i * CIL library *:* CIL module *
 0001:0001e4c0       ??_GdgSolverWorlkerThreads@@UEAAPEAXI@Z 000000018001f4c0 f i physics:dgWorldDynamicUpdate.obj
 0001:0001e4f0       ??_GdgParallelSolverClear@@UEAAPEAXI@Z 000000018001f4f0 f i physics:dgWorldDynamicUpdate.obj
 0001:0001e4f0       ??_EdgParallelSolverClear@@UEAAPEAXI@Z 000000018001f4f0 f i * CIL library *:* CIL module *
 0001:0001e520       ??_GdgParallelSolverCalculateForces@@UEAAPEAXI@Z 000000018001f520 f i physics:dgWorldDynamicUpdate.obj
 0001:0001e520       ??_EdgParallelSolverCalculateForces@@UEAAPEAXI@Z 000000018001f520 f i * CIL library *:* CIL module *
 0001:0001e550       ??_GdgParallelSolverInitInternalForces@@UEAAPEAXI@Z 000000018001f550 f i physics:dgWorldDynamicUpdate.obj
 0001:0001e550       ??_GdgParallelSolverBuildJacobianMatrix@@UEAAPEAXI@Z 000000018001f550 f i physics:dgWorldDynamicUpdate.obj
 0001:0001e550       ??_GdgParallelSolverInitFeedbackUpdate@@UEAAPEAXI@Z 000000018001f550 f i physics:dgWorldDynamicUpdate.obj
[...]
 0004:00004fd4       $pdata$5$?CalculateThisFaceEdgeNormals@dgAABBPolygonSoup@@CA?AW4dgIntersectStatus@@PEAXQEBMHQEBHH@Z 00000001800cffd4     core:dgAABBPolygonSoup.obj
 0004:00004fe0       $pdata$6$?CalculateThisFaceEdgeNormals@dgAABBPolygonSoup@@CA?AW4dgIntersectStatus@@PEAXQEBMHQEBHH@Z 00000001800cffe0     core:dgAABBPolygonSoup.obj
 0004:00004fec       $pdata$??_GdgAABBPolygonSoup@@MEAAPEAXI@Z 00000001800cffec     core:dgAABBPolygonSoup.obj
 0004:00004ff8       $pdata$??_GdgConstructionTree@dgAABBTree@@QEAAPEAXI@Z 00000001800cfff8     core:dgAABBPolygonSoup.obj
 0004:00005004       $pdata$?ForAllSectorsSupportVertex@dgAABBTree@@QEBA?AVdgVector@@AEBV2@QEBHQEBM@Z 00000001800d0004     core:dgAABBPolygonSoup.obj
 0004:00005010       $pdata$?ForAllSectorsRayHit@dgAABBTree@@QEBAXAEBVdgFastRayTest@@PEBHPEBMP6AMPEAXQEBMHQEBHH@ZQEAX@Z 00000001800d0010     core:dgAABBPolygonSoup.obj
 0004:0000501c       $pdata$?ForAllSectorsRayHitSimd@dgAABBTree@@QEBAXAEBVdgFastRayTest@@PEBHPEBMP6AMPEAXQEBMHQEBHH@ZQEAX@Z 00000001800d001c     core:dgAABBPolygonSoup.obj
 0004:00005028       $pdata$?ForAllSectors@dgAABBTree@@QEBAXQEBHQEBMAEBVdgVector@@2P6A?AW4dgIntersectStatus@@PEAX1H0H@ZQEAX@Z 00000001800d0028     core:dgAABBPolygonSoup.obj
 0004:00005034       $pdata$?ForAllSectorsSimd@dgAABBTree@@QEBAXQEBHQEBMAEBVdgVector@@2P6A?AW4dgIntersectStatus@@PEAX1H0H@ZQEAX@Z 00000001800d0034     core:dgAABBPolygonSoup.obj
 0004:00005040       $pdata$?BuildTopDown@dgAABBTree@@QEAAHQEAVdgMemoryAllocator@@HQEAV1@QEAVdgTriplex@@AEAH_N@Z 00000001800d0040     core:dgAABBPolygonSoup.obj
 0004:0000504c       $pdata$??0dgSpliteInfo@?6??BuildTree@dgAABBTree@@QEAAPEAVdgConstructionTree@2@QEAVdgMemoryAllocator@@HHQEAV2@QEBVdgTriplex@@PEAV32@@Z@QEAA@1H2QEBV32@@Z 00000001800d004c     core:dgAABBPolygonSoup.obj
 0004:00005058       $pdata$0$??0dgSpliteInfo@?6??BuildTree@dgAABBTree@@QEAAPEAVdgConstructionTree@2@QEAVdgMemoryAllocator@@HHQEAV2@QEBVdgTriplex@@PEAV32@@Z@QEAA@1H2QEBV32@@Z 00000001800d0058     core:dgAABBPolygonSoup.obj
 0004:00005064       $pdata$1$??0dgSpliteInfo@?6??BuildTree@dgAABBTree@@QEAAPEAVdgConstructionTree@2@QEAVdgMemoryAllocator@@HHQEAV2@QEBVdgTriplex@@PEAV32@@Z@QEAA@1H2QEBV32@@Z 00000001800d0064     core:dgAABBPolygonSoup.obj
 0004:00005070       $pdata$11$??0dgSpliteInfo@?6??BuildTree@dgAABBTree@@QEAAPEAVdgConstructionTree@2@QEAVdgMemoryAllocator@@HHQEAV2@QEBVdgTriplex@@PEAV32@@Z@QEAA@1H2QEBV32@@Z 00000001800d0070     core:dgAABBPolygonSoup.obj
 0004:0000507c       $pdata$12$??0dgSpliteInfo@?6??BuildTree@dgAABBTree@@QEAAPEAVdgConstructionTree@2@QEAVdgMemoryAllocator@@HHQEAV2@QEBVdgTriplex@@PEAV32@@Z@QEAA@1H2QEBV32@@Z 00000001800d007c     core:dgAABBPolygonSoup.obj
 0004:00005088       $pdata$13$??0dgSpliteInfo@?6??BuildTree@dgAABBTree@@QEAAPEAVdgConstructionTree@2@QEAVdgMemoryAllocator@@HHQEAV2@QEBVdgTriplex@@PEAV32@@Z@QEAA@1H2QEBV32@@Z 00000001800d0088     core:dgAABBPolygonSoup.obj
 0004:00005094       $pdata$14$??0dgSpliteInfo@?6??BuildTree@dgAABBTree@@QEAAPEAVdgConstructionTree@2@QEAVdgMemoryAllocator@@HHQEAV2@QEBVdgTriplex@@PEAV32@@Z@QEAA@1H2QEBV32@@Z 00000001800d0094     core:dgAABBPolygonSoup.obj
 0004:000050a0       $pdata$15$??0dgSpliteInfo@?6??BuildTree@dgAABBTree@@QEAAPEAVdgConstructionTree@2@QEAVdgMemoryAllocator@@HHQEAV2@QEBVdgTriplex@@PEAV32@@Z@QEAA@1H2QEBV32@@Z 00000001800d00a0     core:dgAABBPolygonSoup.obj
 0004:000050ac       $pdata$?BuildTree@dgAABBTree@@QEAAPEAVdgConstructionTree@1@QEAVdgMemoryAllocator@@HHQEAV1@QEBVdgTriplex@@PEAV21@@Z 00000001800d00ac     core:dgAABBPolygonSoup.obj
 0004:000050b8       $pdata$1$?BuildTree@dgAABBTree@@QEAAPEAVdgConstructionTree@1@QEAVdgMemoryAllocator@@HHQEAV1@QEBVdgTriplex@@PEAV21@@Z 00000001800d00b8     core:dgAABBPolygonSoup.obj
 0004:000050c4       $pdata$2$?BuildTree@dgAABBTree@@QEAAPEAVdgConstructionTree@1@QEAVdgMemoryAllocator@@HHQEAV1@QEBVdgTriplex@@PEAV21@@Z 00000001800d00c4     core:dgAABBPolygonSoup.obj
 0004:000050d0       $pdata$?ImproveTotalFitness@dgAABBTree@@QEAAPEAVdgConstructionTree@1@QEAV21@QEAV1@QEAVdgMemoryAllocator@@@Z 00000001800d00d0     core:dgAABBPolygonSoup.obj
 0004:000050dc       $pdata$1$?ImproveTotalFitness@dgAABBTree@@QEAAPEAVdgConstructionTree@1@QEAV21@QEAV1@QEAVdgMemoryAllocator@@@Z 00000001800d00dc     core:dgAABBPolygonSoup.obj
 0004:000050e8       $pdata$2$?ImproveTotalFitness@dgAABBTree@@QEAAPEAVdgConstructionTree@1@QEAV21@QEAV1@QEAVdgMemoryAllocator@@@Z 00000001800d00e8     core:dgAABBPolygonSoup.obj
 0004:000050f4       $pdata$3$?ImproveTotalFitness@dgAABBTree@@QEAAPEAVdgConstructionTree@1@QEAV21@QEAV1@QEAVdgMemoryAllocator@@@Z 00000001800d00f4     core:dgAABBPolygonSoup.obj
 0004:00005100       $pdata$4$?ImproveTotalFitness@dgAABBTree@@QEAAPEAVdgConstructionTree@1@QEAV21@QEAV1@QEAVdgMemoryAllocator@@@Z 00000001800d0100     core:dgAABBPolygonSoup.obj
 0004:0000510c       $pdata$5$?ImproveTotalFitness@dgAABBTree@@QEAAPEAVdgConstructionTree@1@QEAV21@QEAV1@QEAVdgMemoryAllocator@@@Z 00000001800d010c     core:dgAABBPolygonSoup.obj
 0004:00005118       $pdata$?ImproveNodeFitness@dgAABBTree@@QEBAXQEAVdgConstructionTree@1@@Z 00000001800d0118     core:dgAABBPolygonSoup.obj
 0004:00005124       $pdata$5$?ImproveNodeFitness@dgAABBTree@@QEBAXQEAVdgConstructionTree@1@@Z 00000001800d0124     core:dgAABBPolygonSoup.obj
 0004:00005130       $pdata$6$?ImproveNodeFitness@dgAABBTree@@QEBAXQEAVdgConstructionTree@1@@Z 00000001800d0130     core:dgAABBPolygonSoup.obj
 0004:0000513c       $pdata$?PushNodes@dgAABBTree@@QEBAXQEAVdgConstructionTree@1@AEAV?$dgList@PEAVdgConstructionTree@dgAABBTree@@@@@Z 00000001800d013c     core:dgAABBPolygonSoup.obj
 0004:00005148       $pdata$?CalcExtends@dgAABBTree@@QEAAXQEAVdgTriplex@@HQEBH@Z 00000001800d0148     core:dgAABBPolygonSoup.obj
 0004:00005154       $pdata$6$?CalcExtends@dgAABBTree@@QEAAXQEAVdgTriplex@@HQEBH@Z 00000001800d0154     core:dgAABBPolygonSoup.obj
 0004:00005160       $pdata$7$?CalcExtends@dgAABBTree@@QEAAXQEAVdgTriplex@@HQEBH@Z 00000001800d0160     core:dgAABBPolygonSoup.obj
 0004:0000516c       $pdata$??_GdgPolygonSoupDatabase@@MEAAPEAXI@Z 00000001800d016c     core:dgAABBPolygonSoup.obj
 0004:00005178       $pdata$??1dgAABBPolygonSoup@@MEAA@XZ 00000001800d0178     core:dgAABBPolygonSoup.obj
 0004:00005184       $pdata$?Deserialize@dgAABBPolygonSoup@@UEAAXP6AXQEAXPEAX_K@Z0@Z 00000001800d0184     core:dgAABBPolygonSoup.obj
 0004:00005190       $pdata$1$?Deserialize@dgAABBPolygonSoup@@UEAAXP6AXQEAXPEAX_K@Z0@Z 00000001800d0190     core:dgAABBPolygonSoup.obj
 0004:0000519c       $pdata$2$?Deserialize@dgAABBPolygonSoup@@UEAAXP6AXQEAXPEAX_K@Z0@Z 00000001800d019c     core:dgAABBPolygonSoup.obj
 0004:000051a8       $pdata$?GetAABB@dgAABBPolygonSoup@@UEBAXAEAVdgVector@@0@Z 00000001800d01a8     core:dgAABBPolygonSoup.obj
 0004:000051b4       $pdata$?Serialize@dgAABBPolygonSoup@@UEBAXP6AXQEAXQEBX_K@Z0@Z 00000001800d01b4     core:dgAABBPolygonSoup.obj
 0004:000051c0       $pdata$?Create@dgAABBPolygonSoup@@IEAAXAEBVdgPolygonSoupDatabaseBuilder@@_N@Z 00000001800d01c0     core:dgAABBPolygonSoup.obj
 0004:000051cc       $pdata$5$?Create@dgAABBPolygonSoup@@IEAAXAEBVdgPolygonSoupDatabaseBuilder@@_N@Z 00000001800d01cc     core:dgAABBPolygonSoup.obj
 0004:000051d8       $pdata$6$?Create@dgAABBPolygonSoup@@IEAAXAEBVdgPolygonSoupDatabaseBuilder@@_N@Z 00000001800d01d8     core:dgAABBPolygonSoup.obj
 0004:000051e4       $pdata$7$?Create@dgAABBPolygonSoup@@IEAAXAEBVdgPolygonSoupDatabaseBuilder@@_N@Z 00000001800d01e4     core:dgAABBPolygonSoup.obj
 0004:000051f0       $pdata$?ForAllSectors@dgAABBPolygonSoup@@MEBAXAEBVdgVector@@0P6A?AW4dgIntersectStatus@@PEAXQEBMHQEBHH@ZQEAX@Z 00000001800d01f0     core:dgAABBPolygonSoup.obj
 0004:000051fc       $pdata$?ForAllSectorsRayHitSimd@dgAABBPolygonSoup@@MEBAXAEBVdgFastRayTest@@P6AMPEAXQEBMHQEBHH@ZQEAX@Z 00000001800d01fc     core:dgAABBPolygonSoup.obj
 0004:00005208       $pdata$?ForAllSectorsRayHit@dgAABBPolygonSoup@@MEBAXAEBVdgFastRayTest@@P6AMPEAXQEBMHQEBHH@ZQEAX@Z 00000001800d0208     core:dgAABBPolygonSoup.obj
 0004:00005214       $pdata$?ForAllSectorsSimd@dgAABBPolygonSoup@@MEBAXAEBVdgVector@@0P6A?AW4dgIntersectStatus@@PEAXQEBMHQEBHH@ZQEAX@Z 00000001800d0214     core:dgAABBPolygonSoup.obj
 0004:00005220       $pdata$?ForAllSectorsSupportVectex@dgAABBPolygonSoup@@MEBA?AVdgVector@@AEBV2@@Z 00000001800d0220     core:dgAABBPolygonSoup.obj
 0004:0000522c       $pdata$?AddConvexFace@dgPolygonSoupDatabaseBuilder@@AEAAHHQEAH0@Z 00000001800d022c     core:dgPolygonSoupBuilder.obj
 0004:00005238       $pdata$14$?AddConvexFace@dgPolygonSoupDatabaseBuilder@@AEAAHHQEAH0@Z 00000001800d0238     core:dgPolygonSoupBuilder.obj
 0004:00005244       $pdata$15$?AddConvexFace@dgPolygonSoupDatabaseBuilder@@AEAAHHQEAH0@Z 00000001800d0244     core:dgPolygonSoupBuilder.obj
 0004:00005250       $pdata$16$?AddConvexFace@dgPolygonSoupDatabaseBuilder@@AEAAHHQEAH0@Z 00000001800d0250     core:dgPolygonSoupBuilder.obj
 0004:0000525c       $pdata$?FilterFace@dgPolygonSoupDatabaseBuilder@@AEAAHHQEAH@Z 00000001800d025c     core:dgPolygonSoupBuilder.obj
 0004:00005268       $pdata$7$?FilterFace@dgPolygonSoupDatabaseBuilder@@AEAAHHQEAH@Z 00000001800d0268     core:dgPolygonSoupBuilder.obj
 0004:00005274       $pdata$8$?FilterFace@dgPolygonSoupDatabaseBuilder@@AEAAHHQEAH@Z 00000001800d0274     core:dgPolygonSoupBuilder.obj
 0004:00005280       $pdata$9$?FilterFace@dgPolygonSoupDatabaseBuilder@@AEAAHHQEAH@Z 00000001800d0280     core:dgPolygonSoupBuilder.obj
 0004:0000528c       $pdata$?Optimize@dgPolygonSoupDatabaseBuilder@@AEAAX_N@Z 00000001800d028c     core:dgPolygonSoupBuilder.obj
 0004:00005298       $pdata$0$?Optimize@dgPolygonSoupDatabaseBuilder@@AEAAX_N@Z 00000001800d0298     core:dgPolygonSoupBuilder.obj
 0004:000052a4       $pdata$2$?Optimize@dgPolygonSoupDatabaseBuilder@@AEAAX_N@Z 00000001800d02a4     core:dgPolygonSoupBuilder.obj
 0004:000052b0       $pdata$5$?Optimize@dgPolygonSoupDatabaseBuilder@@AEAAX_N@Z 00000001800d02b0     core:dgPolygonSoupBuilder.obj
 0004:000052bc       $pdata$9$?Optimize@dgPolygonSoupDatabaseBuilder@@AEAAX_N@Z 00000001800d02bc     core:dgPolygonSoupBuilder.obj
 0004:000052c8       $pdata$10$?Optimize@dgPolygonSoupDatabaseBuilder@@AEAAX_N@Z 00000001800d02c8     core:dgPolygonSoupBuilder.obj
 0004:000052d4       $pdata$11$?Optimize@dgPolygonSoupDatabaseBuilder@@AEAAX_N@Z 00000001800d02d4     core:dgPolygonSoupBuilder.obj
 0004:000052e0       $pdata$12$?Optimize@dgPolygonSoupDatabaseBuilder@@AEAAX_N@Z 00000001800d02e0     core:dgPolygonSoupBuilder.obj
 0004:000052ec       $pdata$13$?Optimize@dgPolygonSoupDatabaseBuilder@@AEAAX_N@Z 00000001800d02ec     core:dgPolygonSoupBuilder.obj
 0004:000052f8       $pdata$?OptimizeByIndividualFaces@dgPolygonSoupDatabaseBuilder@@AEAAXXZ 00000001800d02f8     core:dgPolygonSoupBuilder.obj
 0004:00005304       $pdata$0$?OptimizeByIndividualFaces@dgPolygonSoupDatabaseBuilder@@AEAAXXZ 00000001800d0304     core:dgPolygonSoupBuilder.obj
 0004:00005310       $pdata$1$?OptimizeByIndividualFaces@dgPolygonSoupDatabaseBuilder@@AEAAXXZ 00000001800d0310     core:dgPolygonSoupBuilder.obj
 0004:0000531c       $pdata$?OptimizeByGroupID@dgPolygonSoupDatabaseBuilder@@AEAAXAEAV1@HH0@Z 00000001800d031c     core:dgPolygonSoupBuilder.obj
 0004:00005328       $pdata$?OptimizeByGroupID@dgPolygonSoupDatabaseBuilder@@AEAAXXZ 00000001800d0328     core:dgPolygonSoupBuilder.obj
 0004:00005334       $pdata$?AddFilterFace@dgPolySoupFilterAllocator@@QEAAHIQEAH@Z 00000001800d0334     core:dgPolygonSoupBuilder.obj
 0004:00005340       $pdata$?AddMesh@dgPolygonSoupDatabaseBuilder@@QEAAXQEBMHHHQEBH11AEBVdgMatrix@@@Z 00000001800d0340     core:dgPolygonSoupBuilder.obj
 0004:0000534c       $pdata$2$?AddMesh@dgPolygonSoupDatabaseBuilder@@QEAAXQEBMHHHQEBH11AEBVdgMatrix@@@Z 00000001800d034c     core:dgPolygonSoupBuilder.obj
 0004:00005358       $pdata$3$?AddMesh@dgPolygonSoupDatabaseBuilder@@QEAAXQEBMHHHQEBH11AEBVdgMatrix@@@Z 00000001800d0358     core:dgPolygonSoupBuilder.obj
 0004:00005364       $pdata$?End@dgPolygonSoupDatabaseBuilder@@QEAAX_N@Z 00000001800d0364     core:dgPolygonSoupBuilder.obj
 0004:00005370       $pdata$12$?End@dgPolygonSoupDatabaseBuilder@@QEAAX_N@Z 00000001800d0370     core:dgPolygonSoupBuilder.obj
 0004:0000537c       $pdata$13$?End@dgPolygonSoupDatabaseBuilder@@QEAAX_N@Z 00000001800d037c     core:dgPolygonSoupBuilder.obj
 0004:00005388       $pdata$??1dgPolygonSoupDatabaseBuilder@@QEAA@XZ 00000001800d0388     core:dgPolygonSoupBuilder.obj
 0004:00005394       $pdata$??0dgQuaternion@@QEAA@AEBVdgMatrix@@@Z 00000001800d0394     core:dgQuaternion.obj
 0004:000053a0       $pdata$??0dgQuaternion@@QEAA@AEBVdgVector@@M@Z 00000001800d03a0     core:dgQuaternion.obj
 0004:000053ac       $pdata$?GetTetraVolume@dgDelaunayTetrahedralization@@IEBANQEBVdgConvexHull4dTetraherum@@@Z 00000001800d03ac     core:dgDelaunayTetrahedralization.obj
 0004:000053b8       $pdata$5$?GetTetraVolume@dgDelaunayTetrahedralization@@IEBANQEBVdgConvexHull4dTetraherum@@@Z 00000001800d03b8     core:dgDelaunayTetrahedralization.obj
 0004:000053c4       $pdata$6$?GetTetraVolume@dgDelaunayTetrahedralization@@IEBANQEBVdgConvexHull4dTetraherum@@@Z 00000001800d03c4     core:dgDelaunayTetrahedralization.obj
 0004:000053d0       $pdata$7$?GetTetraVolume@dgDelaunayTetrahedralization@@IEBANQEBVdgConvexHull4dTetraherum@@@Z 00000001800d03d0     core:dgDelaunayTetrahedralization.obj
 0004:000053dc       $pdata$?AddVertex@dgDelaunayTetrahedralization@@UEAAHAEBVdgBigVector@@@Z 00000001800d03dc     core:dgDelaunayTetrahedralization.obj
 0004:000053e8       $pdata$??_GdgConvexHull4d@@UEAAPEAXI@Z 00000001800d03e8     core:dgConvexHull4d.obj
 0004:000053e8       $pdata$??_GdgDelaunayTetrahedralization@@UEAAPEAXI@Z 00000001800d03e8     core:dgDelaunayTetrahedralization.obj
 0004:000053f4       $pdata$??0dgDelaunayTetrahedralization@@QEAA@QEAVdgMemoryAllocator@@QEBNHHN@Z 00000001800d03f4     core:dgDelaunayTetrahedralization.obj
 0004:00005400       $pdata$3$??0dgDelaunayTetrahedralization@@QEAA@QEAVdgMemoryAllocator@@QEBNHHN@Z 00000001800d0400     core:dgDelaunayTetrahedralization.obj
 0004:0000540c       $pdata$4$??0dgDelaunayTetrahedralization@@QEAA@QEAVdgMemoryAllocator@@QEBNHHN@Z 00000001800d040c     core:dgDelaunayTetrahedralization.obj
 0004:00005418       $pdata$??_G?$dgList@VdgConvexHull4dTetraherum@@@@UEAAPEAXI@Z 00000001800d0418     core:dgConvexHull4d.obj
 0004:00005424       $pdata$??$dgSort@VdgHullVector@@@@YAXQEAVdgHullVector@@HP6AHQEBV0@1QEAX@Z2@Z 00000001800d0424     core:dgConvexHull4d.obj
 0004:00005430       $pdata$?Append@?$dgList@PEAVdgListNode@?$dgList@VdgConvexHull4dTetraherum@@@@@@QEAAPEAVdgListNode@1@AEBQEAV2?$dgList@VdgConvexHull4dTetraherum@@@@@Z 00000001800d0430     core:dgConvexHull4d.obj
 0004:0000543c       $pdata$??1?$dgList@VdgConvexHull4dTetraherum@@@@UEAA@XZ 00000001800d043c     core:dgConvexHull4d.obj
 0004:00005448       $pdata$??_GdgListNode@?$dgList@VdgConvexHull4dTetraherum@@@@EEAAPEAXI@Z 00000001800d0448     core:dgConvexHull4d.obj
 0004:00005454       $pdata$?FindFacingNode@dgConvexHull4d@@IEAAPEAVdgListNode@?$dgList@VdgConvexHull4dTetraherum@@@@AEBVdgBigVector@@@Z 00000001800d0454     core:dgConvexHull4d.obj
 0004:00005460       $pdata$?CalculateConvexHull@dgConvexHull4d@@IEAAXPEAVdgAABBPointTree4d@@QEAVdgHullVector@@HN@Z 00000001800d0460     core:dgConvexHull4d.obj
 0004:0000546c       $pdata$5$?CalculateConvexHull@dgConvexHull4d@@IEAAXPEAVdgAABBPointTree4d@@QEAVdgHullVector@@HN@Z 00000001800d046c     core:dgConvexHull4d.obj
 0004:00005478       $pdata$8$?CalculateConvexHull@dgConvexHull4d@@IEAAXPEAVdgAABBPointTree4d@@QEAVdgHullVector@@HN@Z 00000001800d0478     core:dgConvexHull4d.obj
 0004:00005484       $pdata$9$?CalculateConvexHull@dgConvexHull4d@@IEAAXPEAVdgAABBPointTree4d@@QEAVdgHullVector@@HN@Z 00000001800d0484     core:dgConvexHull4d.obj
 0004:00005490       $pdata$10$?CalculateConvexHull@dgConvexHull4d@@IEAAXPEAVdgAABBPointTree4d@@QEAVdgHullVector@@HN@Z 00000001800d0490     core:dgConvexHull4d.obj
 0004:0000549c       $pdata$?InsertNewVertex@dgConvexHull4d@@IEAAXHQEAVdgListNode@?$dgList@VdgConvexHull4dTetraherum@@@@AEAV?$dgList@PEAVdgListNode@?$dgList@VdgConvexHull4dTetraherum@@@@@@1@Z 00000001800d049c     core:dgConvexHull4d.obj
 0004:000054a8       $pdata$?LinkSibling@dgConvexHull4d@@IEBAXPEAVdgListNode@?$dgList@VdgConvexHull4dTetraherum@@@@0@Z 00000001800d04a8     core:dgConvexHull4d.obj
 0004:000054b4       $pdata$?BuildTree@dgConvexHull4d@@IEBAPEAVdgAABBPointTree4d@@QEAV2@QEAVdgHullVector@@HHQEAPEADAEAH@Z 00000001800d04b4     core:dgConvexHull4d.obj
 0004:000054c0       $pdata$0$?BuildTree@dgConvexHull4d@@IEBAPEAVdgAABBPointTree4d@@QEAV2@QEAVdgHullVector@@HHQEAPEADAEAH@Z 00000001800d04c0     core:dgConvexHull4d.obj
 0004:000054cc       $pdata$1$?BuildTree@dgConvexHull4d@@IEBAPEAVdgAABBPointTree4d@@QEAV2@QEAVdgHullVector@@HHQEAPEADAEAH@Z 00000001800d04cc     core:dgConvexHull4d.obj
 0004:000054d8       $pdata$?SupportVertex@dgConvexHull4d@@IEBAHQEAPEAVdgAABBPointTree4d@@QEBVdgHullVector@@AEBVdgBigVector@@@Z 00000001800d04d8     core:dgConvexHull4d.obj
 0004:000054e4       $pdata$?Evalue@dgConvexHull4dTetraherum@@QEBANQEBVdgHullVector@@AEBVdgBigVector@@@Z 00000001800d04e4     core:dgConvexHull4d.obj
 0004:000054f0       $pdata$??0dgTetrahedrumPlane@dgConvexHull4dTetraherum@@QEAA@AEBVdgBigVector@@000@Z 00000001800d04f0     core:dgConvexHull4d.obj
 0004:000054fc       $pdata$?BuildHull@dgConvexHull4d@@IEAAXQEAVdgMemoryAllocator@@QEBVdgBigVector@@HN@Z 00000001800d04fc     core:dgConvexHull4d.obj
 0004:00005508       $pdata$?AddVertex@dgConvexHull4d@@MEAAHAEBVdgBigVector@@@Z 00000001800d0508     core:dgConvexHull4d.obj
 0004:00005514       $pdata$2$?AddVertex@dgConvexHull4d@@MEAAHAEBVdgBigVector@@@Z 00000001800d0514     core:dgConvexHull4d.obj
 0004:00005520       $pdata$3$?AddVertex@dgConvexHull4d@@MEAAHAEBVdgBigVector@@@Z 00000001800d0520     core:dgConvexHull4d.obj
 0004:0000552c       $pdata$?InitVertexArray@dgConvexHull4d@@MEAAHQEAVdgHullVector@@QEBVdgBigVector@@HQEAXH@Z 00000001800d052c     core:dgConvexHull4d.obj
 0004:00005538       $pdata$10$?InitVertexArray@dgConvexHull4d@@MEAAHQEAVdgHullVector@@QEBVdgBigVector@@HQEAXH@Z 00000001800d0538     core:dgConvexHull4d.obj
 0004:00005544       $pdata$11$?InitVertexArray@dgConvexHull4d@@MEAAHQEAVdgHullVector@@QEBVdgBigVector@@HQEAXH@Z 00000001800d0544     core:dgConvexHull4d.obj
 0004:00005550       $pdata$12$?InitVertexArray@dgConvexHull4d@@MEAAHQEAVdgHullVector@@QEBVdgBigVector@@HQEAXH@Z 00000001800d0550     core:dgConvexHull4d.obj
 0004:0000555c       $pdata$?AddFace@dgConvexHull4d@@MEAAPEAVdgListNode@?$dgList@VdgConvexHull4dTetraherum@@@@HHHH@Z 00000001800d055c     core:dgConvexHull4d.obj
 0004:00005568       $pdata$?CircumSphereCenter@dgConvexHull4dTetraherum@@QEBA?AVdgBigVector@@QEBVdgHullVector@@@Z 00000001800d0568     core:dgConvexHull4d.obj
 0004:00005574       $pdata$?AddCGFace@dgPolyhedraMassProperties@@QEAAXHPEBVdgVector@@@Z 00000001800d0574     core:dgPolyhedraMassProperties.obj
 0004:00005580       $pdata$9$?AddCGFace@dgPolyhedraMassProperties@@QEAAXHPEBVdgVector@@@Z 00000001800d0580     core:dgPolyhedraMassProperties.obj
 0004:0000558c       $pdata$10$?AddCGFace@dgPolyhedraMassProperties@@QEAAXHPEBVdgVector@@@Z 00000001800d058c     core:dgPolyhedraMassProperties.obj
 0004:00005598       $pdata$?AddInertiaFace@dgPolyhedraMassProperties@@QEAAXHPEBM@Z 00000001800d0598     core:dgPolyhedraMassProperties.obj
 0004:000055a4       $pdata$5$?AddInertiaFace@dgPolyhedraMassProperties@@QEAAXHPEBM@Z 00000001800d05a4     core:dgPolyhedraMassProperties.obj
 0004:000055b0       $pdata$6$?AddInertiaFace@dgPolyhedraMassProperties@@QEAAXHPEBM@Z 00000001800d05b0     core:dgPolyhedraMassProperties.obj
 0005:00000000       _2il0floatpacket$19        00000001800d1000     MSVCRT:svml_ssinf4_sse2.obj
 0005:00002200       _vmlsSinHATab              00000001800d3200     MSVCRT:svml_s_sin_cout.obj
 0006:00000060       $R000000                   00000001800d4060     * linker generated manifest res *
